<html>
<body>
<pre>
<h1>礦ision Build Log</h1>
<h2>Tool Versions:</h2>
IDE-Version: μVision V5.28.0.0
Copyright (C) 2019 ARM Ltd and ARM Germany GmbH. All rights reserved.
License Information: x x, x, LIC=S5IVE-51P7S-C27L6-D0PHN-SP41V-WMZ1K
 
Tool Versions:
Toolchain:       MDK-ARM Professional  Version: 5.28.0.0
Toolchain Path:  C:\Keil_v5\ARM\ARMCC\Bin
C Compiler:      Armcc.exe V5.06 update 6 (build 750)
Assembler:       Armasm.exe V5.06 update 6 (build 750)
Linker/Locator:  ArmLink.exe V5.06 update 6 (build 750)
Library Manager: ArmAr.exe V5.06 update 6 (build 750)
Hex Converter:   FromElf.exe V5.06 update 6 (build 750)
CPU DLL:         SARMCM3.DLL V5.28.0.0
Dialog DLL:      DARMSTM.DLL V1.68.0.0
Target DLL:      Segger\JL2CM3.dll V2.99.36.0
Dialog DLL:      TARMSTM.DLL V1.66.0.0
 
<h2>Project:</h2>
E:\科研与竞赛\【2019】数据巡检\Aliyun\AM2301温湿度传感器\USER\DHT11.uvproj
Project File Date:  09/14/2019

<h2>Output:</h2>
*** Using Compiler 'V5.06 update 6 (build 750)', folder: 'C:\Keil_v5\ARM\ARMCC\Bin'
Build target 'Target 1'
compiling stm32f10x_it.c...
compiling system_stm32f10x.c...
compiling led.c...
compiling main.c...
main.c(49): warning:  #167-D: argument of type "u8 *" is incompatible with parameter of type "char *restrict"
  			sprintf(DisNum,"%02u.%01u",temperature/10,temperature%10); 
main.c(52): warning:  #167-D: argument of type "u8 *" is incompatible with parameter of type "char *restrict"
  			sprintf(iDisNum,"%02u.%01u",humidity/10,humidity%10); 
main.c(16): warning:  #177-D: variable "i"  was declared but never referenced
  	u16 humidity,i;    	   
main.c: 3 warnings, 0 errors
compiling key.c...
compiling delay.c...
compiling dht11.c...
..\HARDWARE\DHT11\dht11.c(91): warning:  #177-D: variable "u"  was declared but never referenced
  	u16 i,x,y,u,v;
..\HARDWARE\DHT11\dht11.c(91): warning:  #177-D: variable "v"  was declared but never referenced
  	u16 i,x,y,u,v;
..\HARDWARE\DHT11\dht11.c: 2 warnings, 0 errors
compiling core_cm3.c...
compiling lcd.c...
assembling startup_stm32f10x_hd.s...
compiling sys.c...
compiling usart.c...
compiling misc.c...
compiling stm32f10x_gpio.c...
compiling stm32f10x_rcc.c...
compiling stm32f10x_fsmc.c...
compiling stm32f10x_usart.c...
linking...
Program Size: Code=26746 RO-data=3054 RW-data=60 ZI-data=1852  
FromELF: creating hex file...
"..\OBJ\DHT11.axf" - 0 Error(s), 5 Warning(s).
Build Time Elapsed:  00:00:03
</pre>
</body>
</html>
