Component: ARM Compiler 5.06 update 6 (build 750) Tool: armlink [4d35ed]

==============================================================================

Section Cross References

    pms5003.o(i.PMS_RevData) refers to usart.o(.bss) for Uart2
    pms5003.o(i.PMS_RevData) refers to pms5003.o(.data) for .data
    dht12.o(i.DHT12_IncTick) refers to dht12.o(.data) for .data
    dht12.o(i.DHT12_READ) refers to dht12.o(i.SDA_OUT) for SDA_OUT
    dht12.o(i.DHT12_READ) refers to dht12.o(i.SDA_IN) for SDA_IN
    dht12.o(i.DHT12_READ) refers to dht12.o(i.delay_us) for delay_us
    dht12.o(i.DHT12_READ) refers to dht12.o(i.DHT12_Rdata) for DHT12_Rdata
    dht12.o(i.DHT12_READ) refers to dht12.o(.data) for .data
    dht12.o(i.DHT12_Rdata) refers to dht12.o(i.delay_us) for delay_us
    dht12.o(i.SDA_IN) refers to stm32f0xx_hal_gpio.o(i.HAL_GPIO_Init) for HAL_GPIO_Init
    dht12.o(i.SDA_OUT) refers to stm32f0xx_hal_gpio.o(i.HAL_GPIO_Init) for HAL_GPIO_Init
    sd_driver.o(i.SD_GetCID) refers to sd_driver.o(i.SD_SendCommand) for SD_SendCommand
    sd_driver.o(i.SD_GetCID) refers to sd_driver.o(i.SD_ReceiveData) for SD_ReceiveData
    sd_driver.o(i.SD_GetCID) refers to sd_driver.o(i.SPI_ReadWriteByte) for SPI_ReadWriteByte
    sd_driver.o(i.SD_GetCSD) refers to sd_driver.o(i.SD_SendCommand) for SD_SendCommand
    sd_driver.o(i.SD_GetCSD) refers to sd_driver.o(i.SD_ReceiveData) for SD_ReceiveData
    sd_driver.o(i.SD_GetCapacity) refers to sd_driver.o(i.SD_GetCSD) for SD_GetCSD
    sd_driver.o(i.SD_Init) refers to sd_driver.o(i.SPI_ReadWriteByte) for SPI_ReadWriteByte
    sd_driver.o(i.SD_Init) refers to sd_driver.o(i.SD_SendCommand) for SD_SendCommand
    sd_driver.o(i.SD_Init) refers to sd_driver.o(i.SD_SendCommand_NoDeassert) for SD_SendCommand_NoDeassert
    sd_driver.o(i.SD_Init) refers to sd_driver.o(i.SPI_SetSpeed) for SPI_SetSpeed
    sd_driver.o(i.SD_Init) refers to sd_driver.o(.data) for .data
    sd_driver.o(i.SD_ReadMultiBlock) refers to sd_driver.o(i.SPI_SetSpeed) for SPI_SetSpeed
    sd_driver.o(i.SD_ReadMultiBlock) refers to sd_driver.o(i.SD_SendCommand) for SD_SendCommand
    sd_driver.o(i.SD_ReadMultiBlock) refers to sd_driver.o(i.SD_ReceiveData) for SD_ReceiveData
    sd_driver.o(i.SD_ReadMultiBlock) refers to sd_driver.o(i.SPI_ReadWriteByte) for SPI_ReadWriteByte
    sd_driver.o(i.SD_ReadMultiBlock) refers to sd_driver.o(.data) for .data
    sd_driver.o(i.SD_ReadSingleBlock) refers to sd_driver.o(i.SPI_SetSpeed) for SPI_SetSpeed
    sd_driver.o(i.SD_ReadSingleBlock) refers to sd_driver.o(i.SD_SendCommand) for SD_SendCommand
    sd_driver.o(i.SD_ReadSingleBlock) refers to sd_driver.o(i.SD_ReceiveData) for SD_ReceiveData
    sd_driver.o(i.SD_ReadSingleBlock) refers to sd_driver.o(.data) for .data
    sd_driver.o(i.SD_ReceiveData) refers to sd_driver.o(i.SPI_ReadWriteByte) for SPI_ReadWriteByte
    sd_driver.o(i.SD_SendCommand) refers to sd_driver.o(i.SPI_ReadWriteByte) for SPI_ReadWriteByte
    sd_driver.o(i.SD_SendCommand_NoDeassert) refers to sd_driver.o(i.SPI_ReadWriteByte) for SPI_ReadWriteByte
    sd_driver.o(i.SD_WaitReady) refers to sd_driver.o(i.SPI_ReadWriteByte) for SPI_ReadWriteByte
    sd_driver.o(i.SD_WriteMultiBlock) refers to sd_driver.o(i.SPI_SetSpeed) for SPI_SetSpeed
    sd_driver.o(i.SD_WriteMultiBlock) refers to sd_driver.o(i.SD_SendCommand) for SD_SendCommand
    sd_driver.o(i.SD_WriteMultiBlock) refers to sd_driver.o(i.SPI_ReadWriteByte) for SPI_ReadWriteByte
    sd_driver.o(i.SD_WriteMultiBlock) refers to sd_driver.o(i.SD_WaitReady) for SD_WaitReady
    sd_driver.o(i.SD_WriteMultiBlock) refers to sd_driver.o(.data) for .data
    sd_driver.o(i.SD_WriteSingleBlock) refers to sd_driver.o(i.SPI_SetSpeed) for SPI_SetSpeed
    sd_driver.o(i.SD_WriteSingleBlock) refers to sd_driver.o(i.SD_SendCommand) for SD_SendCommand
    sd_driver.o(i.SD_WriteSingleBlock) refers to sd_driver.o(i.SPI_ReadWriteByte) for SPI_ReadWriteByte
    sd_driver.o(i.SD_WriteSingleBlock) refers to sd_driver.o(.data) for .data
    sd_driver.o(i.SPI_ReadWriteByte) refers to stm32f0xx_hal_spi.o(i.HAL_SPI_TransmitReceive) for HAL_SPI_TransmitReceive
    sd_driver.o(i.SPI_ReadWriteByte) refers to spi.o(.bss) for hspi1
    sd_driver.o(i.SPI_SetSpeed) refers to stm32f0xx_hal_spi.o(i.HAL_SPI_Init) for HAL_SPI_Init
    sd_driver.o(i.SPI_SetSpeed) refers to main.o(i._Error_Handler) for _Error_Handler
    sd_driver.o(i.SPI_SetSpeed) refers to spi.o(.bss) for hspi1
    lcd.o(i.DrawHLine) refers to lcd.o(i.LCD_SET_WIN) for LCD_SET_WIN
    lcd.o(i.DrawHLine) refers to lcd.o(i.LCD_Write_DATA_16) for LCD_Write_DATA_16
    lcd.o(i.DrawVLine) refers to lcd.o(i.LCD_SET_WIN) for LCD_SET_WIN
    lcd.o(i.DrawVLine) refers to lcd.o(i.LCD_Write_DATA_16) for LCD_Write_DATA_16
    lcd.o(i.GUI_DispBattery) refers to lcd.o(i.LCD_SET_WIN) for LCD_SET_WIN
    lcd.o(i.GUI_DispBattery) refers to lcd.o(i.LCD_Write_DATA_16) for LCD_Write_DATA_16
    lcd.o(i.GUI_DispBattery) refers to font.o(.constdata) for batpic
[...]
    __aeabi_idivmod                          0x0800011d   Thumb Code    40  idiv.o(.text)
    __aeabi_llsr                             0x08000145   Thumb Code    34  llushr.o(.text)
    _ll_ushift_r                             0x08000145   Thumb Code     0  llushr.o(.text)
    __aeabi_memcpy                           0x08000167   Thumb Code    36  memcpya.o(.text)
    __aeabi_memcpy4                          0x08000167   Thumb Code     0  memcpya.o(.text)
    __aeabi_memcpy8                          0x08000167   Thumb Code     0  memcpya.o(.text)
    __aeabi_memset                           0x0800018b   Thumb Code    14  memseta.o(.text)
    __aeabi_memset4                          0x0800018b   Thumb Code     0  memseta.o(.text)
    __aeabi_memset8                          0x0800018b   Thumb Code     0  memseta.o(.text)
    __aeabi_memclr                           0x08000199   Thumb Code     4  memseta.o(.text)
    __aeabi_memclr4                          0x08000199   Thumb Code     0  memseta.o(.text)
    __aeabi_memclr8                          0x08000199   Thumb Code     0  memseta.o(.text)
    _memset$wrapper                          0x0800019d   Thumb Code    18  memseta.o(.text)
    strcat                                   0x080001af   Thumb Code    24  strcat.o(.text)
    strlen                                   0x080001c7   Thumb Code    14  strlen.o(.text)
    strcpy                                   0x080001d5   Thumb Code    18  strcpy.o(.text)
    __0sscanf                                0x080001e9   Thumb Code    50  __0sscanf.o(.text)
    _scanf_real                              0x08000343   Thumb Code     0  scanf_fp.o(.text)
    _scanf_really_real                       0x08000343   Thumb Code   586  scanf_fp.o(.text)
    __aeabi_ddiv                             0x08000599   Thumb Code   234  ddiv.o(.text)
    __aeabi_i2d                              0x08000689   Thumb Code    34  dflti.o(.text)
    __aeabi_ui2d                             0x080006b1   Thumb Code    24  dfltui.o(.text)
    __aeabi_d2iz                             0x080006cd   Thumb Code    62  dfixi.o(.text)
    __aeabi_cdcmpeq                          0x08000715   Thumb Code     0  cdcmple.o(.text)
    __aeabi_cdcmple                          0x08000715   Thumb Code    38  cdcmple.o(.text)
    __aeabi_cdrcmple                         0x0800073d   Thumb Code    38  cdrcmple.o(.text)
    __aeabi_uldivmod                         0x08000765   Thumb Code    96  uldiv.o(.text)
    __aeabi_lmul                             0x080007c5   Thumb Code   122  llmul.o(.text)
    _ll_mul                                  0x080007c5   Thumb Code     0  llmul.o(.text)
    __vfscanf_char                           0x0800084d   Thumb Code    24  scanf_char.o(.text)
    _sgetc                                   0x0800086d   Thumb Code    32  _sgetc.o(.text)
    _sbackspace                              0x0800088d   Thumb Code    36  _sgetc.o(.text)
    __I$use$fp                               0x080008b1   Thumb Code     0  iusefp.o(.text)
    _double_round                            0x080008b1   Thumb Code    26  depilogue.o(.text)
    _double_epilogue                         0x080008cb   Thumb Code   164  depilogue.o(.text)
    __aeabi_dadd                             0x08000971   Thumb Code   328  dadd.o(.text)
    __aeabi_dsub                             0x08000ab9   Thumb Code    12  dadd.o(.text)
    __aeabi_drsub                            0x08000ac5   Thumb Code    12  dadd.o(.text)
    __aeabi_dmul                             0x08000ad5   Thumb Code   202  dmul.o(.text)
    __aeabi_ul2d                             0x08000ba5   Thumb Code    22  dfltul.o(.text)
    __aeabi_d2ulz                            0x08000bc1   Thumb Code    54  dfixul.o(.text)
    __aeabi_d2f                              0x08000c01   Thumb Code    56  d2f.o(.text)
    __scatterload                            0x08000c39   Thumb Code    28  init.o(.text)
    __scatterload_rt2                        0x08000c39   Thumb Code     0  init.o(.text)
    __aeabi_llsl                             0x08000c5d   Thumb Code    32  llshl.o(.text)
    _ll_shift_l                              0x08000c5d   Thumb Code     0  llshl.o(.text)
    __aeabi_lasr                             0x08000c7d   Thumb Code    38  llsshr.o(.text)
    _ll_sshift_r                             0x08000c7d   Thumb Code     0  llsshr.o(.text)
    isspace                                  0x08000ca3   Thumb Code    14  isspace_c.o(.text)
    __vfscanf                                0x08000cb1   Thumb Code   812  _scanf.o(.text)
    _float_round                             0x08000fe9   Thumb Code    16  fepilogue.o(.text)
    _float_epilogue                          0x08000ff9   Thumb Code   114  fepilogue.o(.text)
    __ctype_lookup                           0x0800106d   Thumb Code    32  ctype_c.o(.text)
    __decompress                             0x08001091   Thumb Code     0  __dczerorl2.o(.text)
    __decompress1                            0x08001091   Thumb Code    86  __dczerorl2.o(.text)
    ATCMD_IncTick                            0x080011fd   Thumb Code    16  esp12s.o(i.ATCMD_IncTick)
    AT_CMD                                   0x08001211   Thumb Code   114  esp12s.o(i.AT_CMD)
    CDC_Transmit_FS                          0x080012f5   Thumb Code    40  usbd_cdc_if.o(i.CDC_Transmit_FS)
    Clr_RxBuf                                0x08001325   Thumb Code    26  esp12s.o(i.Clr_RxBuf)
    DHT12_IncTick                            0x08001349   Thumb Code    10  dht12.o(i.DHT12_IncTick)
    DHT12_READ                               0x08001359   Thumb Code   216  dht12.o(i.DHT12_READ)
    DHT12_Rdata                              0x0800143d   Thumb Code    78  dht12.o(i.DHT12_Rdata)
    DMA1_Channel1_IRQHandler                 0x08001495   Thumb Code    10  stm32f0xx_it.o(i.DMA1_Channel1_IRQHandler)
    DrawHLine                                0x080014f1   Thumb Code    38  lcd.o(i.DrawHLine)
    DrawVLine                                0x08001517   Thumb Code    34  lcd.o(i.DrawVLine)
    ESP12S_Init                              0x08001539   Thumb Code    56  esp12s.o(i.ESP12S_Init)
    ESP12_Task                               0x08001575   Thumb Code   254  esp12s.o(i.ESP12_Task)
    GUI_DispBattery                          0x080016d9   Thumb Code   240  lcd.o(i.GUI_DispBattery)
    GUI_DispDateTime                         0x080017d1   Thumb Code   246  lcd.o(i.GUI_DispDateTime)
    GUI_DispHZ_16x16                         0x080018cd   Thumb Code   152  lcd.o(i.GUI_DispHZ_16x16)
    GUI_DispHZ_24x24                         0x08001969   Thumb Code   152  lcd.o(i.GUI_DispHZ_24x24)
    GUI_DispNumber_48x76                     0x08001a05   Thumb Code   314  lcd.o(i.GUI_DispNumber_48x76)
    GUI_Disp_Arrow                           0x08001b4d   Thumb Code    90  lcd.o(i.GUI_Disp_Arrow)
    GUI_Dispstr_12x24                        0x08001bb5   Thumb Code   154  lcd.o(i.GUI_Dispstr_12x24)
    GUI_Dispstr_16x32                        0x08001c55   Thumb Code   152  lcd.o(i.GUI_Dispstr_16x32)
    GUI_Dispstr_8x16                         0x08001cf1   Thumb Code   214  lcd.o(i.GUI_Dispstr_8x16)
    GUI_IncTick                              0x08001dcd   Thumb Code    10  gui.o(i.GUI_IncTick)
    GUI_Init                                 0x08001ddd   Thumb Code    10  gui.o(i.GUI_Init)
    GUI_Rectangle                            0x08001ded   Thumb Code    40  lcd.o(i.GUI_Rectangle)
    GUI_Task                                 0x08001e15   Thumb Code    82  gui.o(i.GUI_Task)
    GetDateTime                              0x08001e71   Thumb Code    26  rtc.o(i.GetDateTime)
    GetVBat                                  0x08001e95   Thumb Code    38  adc.o(i.GetVBat)
    HAL_ADC_ConfigChannel                    0x08001ec1   Thumb Code   284  stm32f0xx_hal_adc.o(i.HAL_ADC_ConfigChannel)
    HAL_ADC_ConvCpltCallback                 0x08001fed   Thumb Code     2  stm32f0xx_hal_adc.o(i.HAL_ADC_ConvCpltCallback)
    HAL_ADC_ConvHalfCpltCallback             0x08001fef   Thumb Code     2  stm32f0xx_hal_adc.o(i.HAL_ADC_ConvHalfCpltCallback)
    HAL_ADC_ErrorCallback                    0x08001ff1   Thumb Code     2  stm32f0xx_hal_adc.o(i.HAL_ADC_ErrorCallback)
    HAL_ADC_Init                             0x08001ff5   Thumb Code   364  stm32f0xx_hal_adc.o(i.HAL_ADC_Init)
    HAL_ADC_MspInit                          0x08002169   Thumb Code   106  adc.o(i.HAL_ADC_MspInit)
    HAL_ADC_Start_DMA                        0x080021f5   Thumb Code   144  stm32f0xx_hal_adc.o(i.HAL_ADC_Start_DMA)
    HAL_DMA_Abort_IT                         0x08002295   Thumb Code    72  stm32f0xx_hal_dma.o(i.HAL_DMA_Abort_IT)
    HAL_DMA_IRQHandler                       0x080022dd   Thumb Code   156  stm32f0xx_hal_dma.o(i.HAL_DMA_IRQHandler)
    HAL_DMA_Init                             0x08002379   Thumb Code    84  stm32f0xx_hal_dma.o(i.HAL_DMA_Init)
    HAL_DMA_Start_IT                         0x080023d1   Thumb Code   106  stm32f0xx_hal_dma.o(i.HAL_DMA_Start_IT)
    HAL_Delay                                0x0800243b   Thumb Code    28  stm32f0xx_hal.o(i.HAL_Delay)
    HAL_GPIO_Init                            0x08002459   Thumb Code   314  stm32f0xx_hal_gpio.o(i.HAL_GPIO_Init)
    HAL_GPIO_WritePin                        0x080025b1   Thumb Code    12  stm32f0xx_hal_gpio.o(i.HAL_GPIO_WritePin)
    HAL_GetTick                              0x080025bd   Thumb Code     6  stm32f0xx_hal.o(i.HAL_GetTick)
    HAL_IncTick                              0x080025c9   Thumb Code    10  stm32f0xx_hal.o(i.HAL_IncTick)
    HAL_Init                                 0x080025d9   Thumb Code    26  stm32f0xx_hal.o(i.HAL_Init)
    HAL_InitTick                             0x080025f9   Thumb Code    34  stm32f0xx_hal.o(i.HAL_InitTick)
    HAL_MspInit                              0x0800261d   Thumb Code    64  stm32f0xx_hal_msp.o(i.HAL_MspInit)
    HAL_NVIC_EnableIRQ                       0x08002661   Thumb Code    14  stm32f0xx_hal_cortex.o(i.HAL_NVIC_EnableIRQ)
    HAL_NVIC_SetPriority                     0x08002675   Thumb Code     8  stm32f0xx_hal_cortex.o(i.HAL_NVIC_SetPriority)
    HAL_PCDEx_PMAConfig                      0x0800267d   Thumb Code    58  stm32f0xx_hal_pcd_ex.o(i.HAL_PCDEx_PMAConfig)
    HAL_PCD_DataInStageCallback              0x080026b7   Thumb Code    24  usbd_conf.o(i.HAL_PCD_DataInStageCallback)
    HAL_PCD_DataOutStageCallback             0x080026cf   Thumb Code    28  usbd_conf.o(i.HAL_PCD_DataOutStageCallback)
    HAL_PCD_EP_Close                         0x080026ed   Thumb Code   346  stm32f0xx_hal_pcd.o(i.HAL_PCD_EP_Close)
    HAL_PCD_EP_ClrStall                      0x08002855   Thumb Code   166  stm32f0xx_hal_pcd.o(i.HAL_PCD_EP_ClrStall)
    HAL_PCD_EP_GetRxCount                    0x08002909   Thumb Code    20  stm32f0xx_hal_pcd.o(i.HAL_PCD_EP_GetRxCount)
    HAL_PCD_EP_Open                          0x0800291d   Thumb Code   652  stm32f0xx_hal_pcd.o(i.HAL_PCD_EP_Open)
    HAL_PCD_EP_Receive                       0x08002bc1   Thumb Code   244  stm32f0xx_hal_pcd.o(i.HAL_PCD_EP_Receive)
    HAL_PCD_EP_SetStall                      0x08002cc1   Thumb Code   136  stm32f0xx_hal_pcd.o(i.HAL_PCD_EP_SetStall)
    HAL_PCD_EP_Transmit                      0x08002d55   Thumb Code   222  stm32f0xx_hal_pcd.o(i.HAL_PCD_EP_Transmit)
    HAL_PCD_IRQHandler                       0x08002e45   Thumb Code   238  stm32f0xx_hal_pcd.o(i.HAL_PCD_IRQHandler)
    HAL_PCD_Init                             0x08002f51   Thumb Code   154  stm32f0xx_hal_pcd.o(i.HAL_PCD_Init)
    HAL_PCD_MspInit                          0x08002fed   Thumb Code    46  usbd_conf.o(i.HAL_PCD_MspInit)
    HAL_PCD_ResetCallback                    0x08003025   Thumb Code    24  usbd_conf.o(i.HAL_PCD_ResetCallback)
    HAL_PCD_ResumeCallback                   0x0800303d   Thumb Code    38  usbd_conf.o(i.HAL_PCD_ResumeCallback)
    HAL_PCD_SOFCallback                      0x08003069   Thumb Code    16  usbd_conf.o(i.HAL_PCD_SOFCallback)
    HAL_PCD_SetAddress                       0x08003079   Thumb Code    44  stm32f0xx_hal_pcd.o(i.HAL_PCD_SetAddress)
    HAL_PCD_SetupStageCallback               0x080030a5   Thumb Code    22  usbd_conf.o(i.HAL_PCD_SetupStageCallback)
    HAL_PCD_Start                            0x080030bb   Thumb Code    18  stm32f0xx_hal_pcd.o(i.HAL_PCD_Start)
    HAL_PCD_SuspendCallback                  0x080030cd   Thumb Code    34  usbd_conf.o(i.HAL_PCD_SuspendCallback)
    HAL_PWR_EnableBkUpAccess                 0x080030f5   Thumb Code    12  stm32f0xx_hal_pwr.o(i.HAL_PWR_EnableBkUpAccess)
    HAL_RCCEx_PeriphCLKConfig                0x08003105   Thumb Code   274  stm32f0xx_hal_rcc_ex.o(i.HAL_RCCEx_PeriphCLKConfig)
    HAL_RCC_ClockConfig                      0x08003225   Thumb Code   320  stm32f0xx_hal_rcc.o(i.HAL_RCC_ClockConfig)
    HAL_RCC_GetHCLKFreq                      0x08003379   Thumb Code     6  stm32f0xx_hal_rcc.o(i.HAL_RCC_GetHCLKFreq)
    HAL_RCC_GetPCLK1Freq                     0x08003385   Thumb Code    20  stm32f0xx_hal_rcc.o(i.HAL_RCC_GetPCLK1Freq)
    HAL_RCC_GetSysClockFreq                  0x080033a5   Thumb Code    90  stm32f0xx_hal_rcc.o(i.HAL_RCC_GetSysClockFreq)
    HAL_RCC_OscConfig                        0x0800342d   Thumb Code   966  stm32f0xx_hal_rcc.o(i.HAL_RCC_OscConfig)
    HAL_RTC_GetDate                          0x08003805   Thumb Code    68  stm32f0xx_hal_rtc.o(i.HAL_RTC_GetDate)
    HAL_RTC_GetTime                          0x08003849   Thumb Code    88  stm32f0xx_hal_rtc.o(i.HAL_RTC_GetTime)
    HAL_RTC_Init                             0x080038a5   Thumb Code   174  stm32f0xx_hal_rtc.o(i.HAL_RTC_Init)
    HAL_RTC_MspInit                          0x08003959   Thumb Code    22  rtc.o(i.HAL_RTC_MspInit)
    HAL_RTC_SetDate                          0x08003979   Thumb Code   194  stm32f0xx_hal_rtc.o(i.HAL_RTC_SetDate)
    HAL_RTC_SetTime                          0x08003a41   Thumb Code   222  stm32f0xx_hal_rtc.o(i.HAL_RTC_SetTime)
    HAL_RTC_WaitForSynchro                   0x08003b25   Thumb Code    52  stm32f0xx_hal_rtc.o(i.HAL_RTC_WaitForSynchro)
    HAL_SYSTICK_CLKSourceConfig              0x08003b59   Thumb Code    20  stm32f0xx_hal_cortex.o(i.HAL_SYSTICK_CLKSourceConfig)
    HAL_SYSTICK_Callback                     0x08003b71   Thumb Code     2  stm32f0xx_hal_cortex.o(i.HAL_SYSTICK_Callback)
    HAL_SYSTICK_Config                       0x08003b75   Thumb Code    38  stm32f0xx_hal_cortex.o(i.HAL_SYSTICK_Config)
    HAL_SYSTICK_IRQHandler                   0x08003ba5   Thumb Code     8  stm32f0xx_hal_cortex.o(i.HAL_SYSTICK_IRQHandler)
    HAL_TIMEx_MasterConfigSynchronization    0x08003bad   Thumb Code    72  stm32f0xx_hal_tim_ex.o(i.HAL_TIMEx_MasterConfigSynchronization)
    HAL_TIM_Base_Init                        0x08003bf5   Thumb Code    52  stm32f0xx_hal_tim.o(i.HAL_TIM_Base_Init)
    HAL_TIM_Base_MspInit                     0x08003c29   Thumb Code    30  tim.o(i.HAL_TIM_Base_MspInit)
    HAL_TIM_ConfigClockSource                0x08003c4d   Thumb Code   238  stm32f0xx_hal_tim.o(i.HAL_TIM_ConfigClockSource)
    HAL_TIM_MspPostInit                      0x08003d3b   Thumb Code    42  tim.o(i.HAL_TIM_MspPostInit)
    HAL_TIM_PWM_ConfigChannel                0x08003d65   Thumb Code   208  stm32f0xx_hal_tim.o(i.HAL_TIM_PWM_ConfigChannel)
    HAL_TIM_PWM_Init                         0x08003e35   Thumb Code    52  stm32f0xx_hal_tim.o(i.HAL_TIM_PWM_Init)
    HAL_TIM_PWM_MspInit                      0x08003e69   Thumb Code     2  stm32f0xx_hal_tim.o(i.HAL_TIM_PWM_MspInit)
    HAL_TIM_PWM_Start                        0x08003e6d   Thumb Code    62  stm32f0xx_hal_tim.o(i.HAL_TIM_PWM_Start)
    HAL_UARTEx_WakeupCallback                0x08003ebd   Thumb Code     2  stm32f0xx_hal_uart_ex.o(i.HAL_UARTEx_WakeupCallback)
    HAL_UART_ErrorCallback                   0x08003ebf   Thumb Code     2  stm32f0xx_hal_uart.o(i.HAL_UART_ErrorCallback)
    HAL_UART_IRQHandler                      0x08003ec1   Thumb Code   304  stm32f0xx_hal_uart.o(i.HAL_UART_IRQHandler)
    HAL_UART_Init                            0x08003ff5   Thumb Code   108  stm32f0xx_hal_uart.o(i.HAL_UART_Init)
    HAL_UART_MspInit                         0x08004061   Thumb Code    86  usart.o(i.HAL_UART_MspInit)
    HAL_UART_Receive_IT                      0x080040c5   Thumb Code   154  stm32f0xx_hal_uart.o(i.HAL_UART_Receive_IT)
    HAL_UART_RxCpltCallback                  0x08004165   Thumb Code   186  usart.o(i.HAL_UART_RxCpltCallback)
    HAL_UART_Transmit_IT                     0x08004239   Thumb Code    88  stm32f0xx_hal_uart.o(i.HAL_UART_Transmit_IT)
    HAL_UART_TxCpltCallback                  0x08004291   Thumb Code     2  stm32f0xx_hal_uart.o(i.HAL_UART_TxCpltCallback)
    Hand                                     0x08004295   Thumb Code    66  esp12s.o(i.Hand)
    HardFault_Handler                        0x080042dd   Thumb Code     2  stm32f0xx_it.o(i.HardFault_Handler)
    Key_IncTick                              0x080042e1   Thumb Code    10  key.o(i.Key_IncTick)
    LCD_BRUSH                                0x080042f1   Thumb Code    44  lcd.o(i.LCD_BRUSH)
    LCD_INIT                                 0x0800431d   Thumb Code   386  lcd.o(i.LCD_INIT)
    LCD_RST                                  0x080044a1   Thumb Code    50  lcd.o(i.LCD_RST)
    LCD_SET_WIN                              0x080044d9   Thumb Code    54  lcd.o(i.LCD_SET_WIN)
    LCD_Write_CMD                            0x08004511   Thumb Code    30  lcd.o(i.LCD_Write_CMD)
    LCD_Write_DATA                           0x08004535   Thumb Code    30  lcd.o(i.LCD_Write_DATA)
    LCD_Write_DATA_16                        0x08004559   Thumb Code    50  lcd.o(i.LCD_Write_DATA_16)
    MQTTDeserialize_ack                      0x08004591   Thumb Code    74  mqttdeserializepublish.o(i.MQTTDeserialize_ack)
    MQTTDeserialize_connack                  0x080045db   Thumb Code    98  mqttconnectclient.o(i.MQTTDeserialize_connack)
    MQTTPacket_decode                        0x0800463d   Thumb Code    54  mqttpacket.o(i.MQTTPacket_decode)
    MQTTPacket_decodeBuf                     0x08004675   Thumb Code    14  mqttpacket.o(i.MQTTPacket_decodeBuf)
    MQTTPacket_encode                        0x0800468d   Thumb Code    40  mqttpacket.o(i.MQTTPacket_encode)
    MQTTPacket_len                           0x080046b5   Thumb Code    36  mqttpacket.o(i.MQTTPacket_len)
    MQTTPacket_read                          0x080046dd   Thumb Code    84  mqttpacket.o(i.MQTTPacket_read)
    MQTTSerialize_connect                    0x08004731   Thumb Code   320  mqttconnectclient.o(i.MQTTSerialize_connect)
    MQTTSerialize_connectLength              0x08004881   Thumb Code   124  mqttconnectclient.o(i.MQTTSerialize_connectLength)
    MQTTSerialize_publish                    0x080048fd   Thumb Code   146  mqttserializepublish.o(i.MQTTSerialize_publish)
    MQTTSerialize_publishLength              0x0800498f   Thumb Code    30  mqttserializepublish.o(i.MQTTSerialize_publishLength)
    MQTTstrlen                               0x080049ad   Thumb Code    16  mqttpacket.o(i.MQTTstrlen)
    MX_ADC_Init                              0x080049bd   Thumb Code    94  adc.o(i.MX_ADC_Init)
    MX_DMA_Init                              0x08004a35   Thumb Code    36  dma.o(i.MX_DMA_Init)
    MX_GPIO_Init                             0x08004a5d   Thumb Code   242  gpio.o(i.MX_GPIO_Init)
    MX_RTC_Init                              0x08004b65   Thumb Code   122  rtc.o(i.MX_RTC_Init)
    MX_TIM2_Init                             0x08004bf9   Thumb Code   160  tim.o(i.MX_TIM2_Init)
    MX_USART1_UART_Init                      0x08004cad   Thumb Code    52  usart.o(i.MX_USART1_UART_Init)
    MX_USART2_UART_Init                      0x08004cf9   Thumb Code    58  usart.o(i.MX_USART2_UART_Init)
    MX_USB_DEVICE_Init                       0x08004d4d   Thumb Code    36  usb_device.o(i.MX_USB_DEVICE_Init)
    NMI_Handler                              0x08004d81   Thumb Code     2  stm32f0xx_it.o(i.NMI_Handler)
    PCD_ReadPMA                              0x08005101   Thumb Code    42  stm32f0xx_hal_pcd.o(i.PCD_ReadPMA)
    PCD_WritePMA                             0x0800512b   Thumb Code    38  stm32f0xx_hal_pcd.o(i.PCD_WritePMA)
    PMS_RevData                              0x08005151   Thumb Code   112  pms5003.o(i.PMS_RevData)
    Page1_Display                            0x080051c9   Thumb Code  1196  gui.o(i.Page1_Display)
    Page2_Display                            0x08005685   Thumb Code    32  gui.o(i.Page2_Display)
    Page3_Display                            0x080056a9   Thumb Code    32  gui.o(i.Page3_Display)
    Page4_Display                            0x080056cd   Thumb Code    32  gui.o(i.Page4_Display)
    Page5_Display                            0x080056f1   Thumb Code    32  gui.o(i.Page5_Display)
    PendSV_Handler                           0x08005715   Thumb Code     2  stm32f0xx_it.o(i.PendSV_Handler)
    RTC_Bcd2ToByte                           0x08005717   Thumb Code    16  stm32f0xx_hal_rtc.o(i.RTC_Bcd2ToByte)
    RTC_ByteToBcd2                           0x08005727   Thumb Code    22  stm32f0xx_hal_rtc.o(i.RTC_ByteToBcd2)
    RTC_EnterInitMode                        0x0800573d   Thumb Code    56  stm32f0xx_hal_rtc.o(i.RTC_EnterInitMode)
    RTC_IncTick                              0x08005775   Thumb Code    10  rtc.o(i.RTC_IncTick)
    ReConnectWiFi                            0x08005785   Thumb Code   230  esp12s.o(i.ReConnectWiFi)
    SDA_IN                                   0x080058c1   Thumb Code    30  dht12.o(i.SDA_IN)
    SDA_OUT                                  0x080058e5   Thumb Code    30  dht12.o(i.SDA_OUT)
    SVC_Handler                              0x08005909   Thumb Code     2  stm32f0xx_it.o(i.SVC_Handler)
    SetDateTime                              0x0800590d   Thumb Code    26  rtc.o(i.SetDateTime)
    SysTick_Handler                          0x0800592d   Thumb Code    32  stm32f0xx_it.o(i.SysTick_Handler)
    SystemClock_Config                       0x0800594d   Thumb Code   140  main.o(i.SystemClock_Config)
    SystemInit                               0x080059e1   Thumb Code    76  system_stm32f0xx.o(i.SystemInit)
    TCP_Mode                                 0x08005a3d   Thumb Code   164  esp12s.o(i.TCP_Mode)
    TFT_BK                                   0x08005b21   Thumb Code    24  lcd.o(i.TFT_BK)
    TIM_Base_SetConfig                       0x08005b3d   Thumb Code   124  stm32f0xx_hal_tim.o(i.TIM_Base_SetConfig)
    TIM_CCxChannelCmd                        0x08005bd1   Thumb Code    22  stm32f0xx_hal_tim.o(i.TIM_CCxChannelCmd)
    TIM_ETR_SetConfig                        0x08005be7   Thumb Code    22  stm32f0xx_hal_tim.o(i.TIM_ETR_SetConfig)
    TIM_OC2_SetConfig                        0x08005c95   Thumb Code   110  stm32f0xx_hal_tim.o(i.TIM_OC2_SetConfig)
    UART_AdvFeatureConfig                    0x08005e4d   Thumb Code   202  stm32f0xx_hal_uart.o(i.UART_AdvFeatureConfig)
    UART_CheckIdleState                      0x08005f19   Thumb Code   102  stm32f0xx_hal_uart.o(i.UART_CheckIdleState)
    UART_EndTransmit_IT                      0x08005fbf   Thumb Code    26  stm32f0xx_hal_uart.o(i.UART_EndTransmit_IT)
    UART_Receive_IT                          0x08005fd9   Thumb Code   122  stm32f0xx_hal_uart.o(i.UART_Receive_IT)
    UART_SetConfig                           0x08006055   Thumb Code   316  stm32f0xx_hal_uart.o(i.UART_SetConfig)
    UART_Transmit_IT                         0x080061b1   Thumb Code   102  stm32f0xx_hal_uart.o(i.UART_Transmit_IT)
    UART_WaitOnFlagUntilTimeout              0x08006217   Thumb Code    98  stm32f0xx_hal_uart.o(i.UART_WaitOnFlagUntilTimeout)
    USART1_IRQHandler                        0x08006279   Thumb Code    10  stm32f0xx_it.o(i.USART1_IRQHandler)
    USART2_IRQHandler                        0x08006289   Thumb Code    10  stm32f0xx_it.o(i.USART2_IRQHandler)
    USBD_CDC_GetDeviceQualifierDescriptor    0x08006351   Thumb Code     8  usbd_cdc.o(i.USBD_CDC_GetDeviceQualifierDescriptor)
    USBD_CDC_ReceivePacket                   0x0800640b   Thumb Code    56  usbd_cdc.o(i.USBD_CDC_ReceivePacket)
    USBD_CDC_RegisterInterface               0x08006443   Thumb Code    20  usbd_cdc.o(i.USBD_CDC_RegisterInterface)
    USBD_CDC_SetRxBuffer                     0x08006457   Thumb Code    20  usbd_cdc.o(i.USBD_CDC_SetRxBuffer)
    USBD_CDC_SetTxBuffer                     0x0800646b   Thumb Code    22  usbd_cdc.o(i.USBD_CDC_SetTxBuffer)
    USBD_CDC_TransmitPacket                  0x080064f5   Thumb Code    52  usbd_cdc.o(i.USBD_CDC_TransmitPacket)
    USBD_ClrClassConfig                      0x08006529   Thumb Code    16  usbd_core.o(i.USBD_ClrClassConfig)
    USBD_CtlContinueRx                       0x08006539   Thumb Code    16  usbd_ioreq.o(i.USBD_CtlContinueRx)
    USBD_CtlContinueSendData                 0x08006549   Thumb Code    16  usbd_ioreq.o(i.USBD_CtlContinueSendData)
    USBD_CtlError                            0x08006559   Thumb Code    20  usbd_ctlreq.o(i.USBD_CtlError)
    USBD_CtlPrepareRx                        0x0800656d   Thumb Code    32  usbd_ioreq.o(i.USBD_CtlPrepareRx)
    USBD_CtlReceiveStatus                    0x0800658d   Thumb Code    24  usbd_ioreq.o(i.USBD_CtlReceiveStatus)
    USBD_CtlSendData                         0x080065a5   Thumb Code    28  usbd_ioreq.o(i.USBD_CtlSendData)
    USBD_CtlSendStatus                       0x080065c1   Thumb Code    24  usbd_ioreq.o(i.USBD_CtlSendStatus)
    USBD_FS_ConfigStrDescriptor              0x080065d9   Thumb Code    16  usbd_desc.o(i.USBD_FS_ConfigStrDescriptor)
    USBD_FS_DeviceDescriptor                 0x080065f9   Thumb Code     8  usbd_desc.o(i.USBD_FS_DeviceDescriptor)
    USBD_FS_InterfaceStrDescriptor           0x08006605   Thumb Code    16  usbd_desc.o(i.USBD_FS_InterfaceStrDescriptor)
    USBD_FS_LangIDStrDescriptor              0x08006629   Thumb Code     8  usbd_desc.o(i.USBD_FS_LangIDStrDescriptor)
    USBD_FS_ManufacturerStrDescriptor        0x08006635   Thumb Code    16  usbd_desc.o(i.USBD_FS_ManufacturerStrDescriptor)
    USBD_FS_ProductStrDescriptor             0x0800665d   Thumb Code    16  usbd_desc.o(i.USBD_FS_ProductStrDescriptor)
    USBD_FS_SerialStrDescriptor              0x08006689   Thumb Code    16  usbd_desc.o(i.USBD_FS_SerialStrDescriptor)
    USBD_GetString                           0x0800678d   Thumb Code    68  usbd_ctlreq.o(i.USBD_GetString)
    USBD_Init                                0x080067d1   Thumb Code    50  usbd_core.o(i.USBD_Init)
    USBD_LL_ClearStallEP                     0x08006803   Thumb Code    38  usbd_conf.o(i.USBD_LL_ClearStallEP)
    USBD_LL_CloseEP                          0x08006829   Thumb Code    38  usbd_conf.o(i.USBD_LL_CloseEP)
    USBD_LL_DataInStage                      0x0800684f   Thumb Code   182  usbd_core.o(i.USBD_LL_DataInStage)
    USBD_LL_DataOutStage                     0x08006905   Thumb Code   116  usbd_core.o(i.USBD_LL_DataOutStage)
    USBD_LL_GetRxDataSize                    0x08006979   Thumb Code    16  usbd_conf.o(i.USBD_LL_GetRxDataSize)
    USBD_LL_Init                             0x08006989   Thumb Code   128  usbd_conf.o(i.USBD_LL_Init)
    USBD_LL_IsStallEP                        0x08006a29   Thumb Code    36  usbd_conf.o(i.USBD_LL_IsStallEP)
    USBD_LL_OpenEP                           0x08006a4d   Thumb Code    44  usbd_conf.o(i.USBD_LL_OpenEP)
    USBD_LL_PrepareReceive                   0x08006a79   Thumb Code    38  usbd_conf.o(i.USBD_LL_PrepareReceive)
    USBD_LL_Reset                            0x08006a9f   Thumb Code    70  usbd_core.o(i.USBD_LL_Reset)
    USBD_LL_Resume                           0x08006ae5   Thumb Code    12  usbd_core.o(i.USBD_LL_Resume)
    USBD_LL_SOF                              0x08006af1   Thumb Code    30  usbd_core.o(i.USBD_LL_SOF)
    USBD_LL_SetSpeed                         0x08006b0f   Thumb Code     6  usbd_core.o(i.USBD_LL_SetSpeed)
    USBD_LL_SetUSBAddress                    0x08006b15   Thumb Code    38  usbd_conf.o(i.USBD_LL_SetUSBAddress)
    USBD_LL_SetupStage                       0x08006b3b   Thumb Code    94  usbd_core.o(i.USBD_LL_SetupStage)
    USBD_LL_StallEP                          0x08006b99   Thumb Code    38  usbd_conf.o(i.USBD_LL_StallEP)
    USBD_LL_Start                            0x08006bbf   Thumb Code    38  usbd_conf.o(i.USBD_LL_Start)
    USBD_LL_Suspend                          0x08006be5   Thumb Code    16  usbd_core.o(i.USBD_LL_Suspend)
    USBD_LL_Transmit                         0x08006bf5   Thumb Code    38  usbd_conf.o(i.USBD_LL_Transmit)
    USBD_ParseSetupRequest                   0x08006c1b   Thumb Code    40  usbd_ctlreq.o(i.USBD_ParseSetupRequest)
    USBD_RegisterClass                       0x08006c43   Thumb Code    22  usbd_core.o(i.USBD_RegisterClass)
    USBD_SetClassConfig                      0x08006c59   Thumb Code    28  usbd_core.o(i.USBD_SetClassConfig)
    USBD_Start                               0x08006ce5   Thumb Code    10  usbd_core.o(i.USBD_Start)
    USBD_StdDevReq                           0x08006cef   Thumb Code   238  usbd_ctlreq.o(i.USBD_StdDevReq)
    USBD_StdEPReq                            0x08006ddd   Thumb Code   234  usbd_ctlreq.o(i.USBD_StdEPReq)
    USBD_StdItfReq                           0x08006ec7   Thumb Code    58  usbd_ctlreq.o(i.USBD_StdItfReq)
    USBD_static_free                         0x08006f01   Thumb Code     2  usbd_conf.o(i.USBD_static_free)
    USBD_static_malloc                       0x08006f05   Thumb Code     4  usbd_conf.o(i.USBD_static_malloc)
    USB_IRQHandler                           0x08006f0d   Thumb Code    10  stm32f0xx_it.o(i.USB_IRQHandler)
    USB_SendMess                             0x08006f1d   Thumb Code   400  usb_task.o(i.USB_SendMess)
    _Error_Handler                           0x080070e5   Thumb Code     2  main.o(i._Error_Handler)
    __0sprintf                               0x080070e9   Thumb Code    36  printfa.o(i.__0sprintf)
    __1sprintf                               0x080070e9   Thumb Code     0  printfa.o(i.__0sprintf)
    __2sprintf                               0x080070e9   Thumb Code     0  printfa.o(i.__0sprintf)
    __c89sprintf                             0x080070e9   Thumb Code     0  printfa.o(i.__0sprintf)
    sprintf                                  0x080070e9   Thumb Code     0  printfa.o(i.__0sprintf)
    __ARM_clz                                0x08007111   Thumb Code    46  depilogue.o(i.__ARM_clz)
    __ARM_common_switch8                     0x0800713f   Thumb Code    26  gui.o(i.__ARM_common_switch8)
    free                                     0x08007159   Thumb Code    94  mallocr.o(i.__free$realloc)
    malloc                                   0x080071bd   Thumb Code    54  mallocr.o(i.__malloc$realloc)
    __scatterload_copy                       0x08007205   Thumb Code    14  handlers.o(i.__scatterload_copy)
    __scatterload_null                       0x08007213   Thumb Code     2  handlers.o(i.__scatterload_null)
    __scatterload_zeroinit                   0x08007215   Thumb Code    14  handlers.o(i.__scatterload_zeroinit)
    _is_digit                                0x08007399   Thumb Code    14  scanf_fp.o(i._is_digit)
    bufchar                                  0x08007b71   Thumb Code    30  mqttpacket.o(i.bufchar)
    cJSON_AddItemToObject                    0x08007b95   Thumb Code    14  cjson.o(i.cJSON_AddItemToObject)
    cJSON_AddNumberToObject                  0x08007ba9   Thumb Code    46  cjson.o(i.cJSON_AddNumberToObject)
    cJSON_AddStringToObject                  0x08007bdd   Thumb Code    44  cjson.o(i.cJSON_AddStringToObject)
    cJSON_CreateNumber                       0x08007c0d   Thumb Code    76  cjson.o(i.cJSON_CreateNumber)
    cJSON_CreateObject                       0x08007c6d   Thumb Code    18  cjson.o(i.cJSON_CreateObject)
    cJSON_CreateString                       0x08007c85   Thumb Code    46  cjson.o(i.cJSON_CreateString)
    cJSON_Delete                             0x08007cb9   Thumb Code    72  cjson.o(i.cJSON_Delete)
    cJSON_Print                              0x08007d1d   Thumb Code    12  cjson.o(i.cJSON_Print)
    delay_us                                 0x08007d55   Thumb Code    38  dht12.o(i.delay_us)
    key_driver                               0x08007e5d   Thumb Code   100  key.o(i.key_driver)
    key_read                                 0x08007ec9   Thumb Code   102  key.o(i.key_read)
    main                                     0x08007f35   Thumb Code   172  main.o(i.main)
    mqtt_connect                             0x08007ffd   Thumb Code   110  esp12s.o(i.mqtt_connect)
    mqtt_publish                             0x080080a5   Thumb Code   148  esp12s.o(i.mqtt_publish)
    readChar                                 0x08008639   Thumb Code    12  mqttpacket.o(i.readChar)
    readInt                                  0x08008645   Thumb Code    18  mqttpacket.o(i.readInt)
    realloc                                  0x08008659   Thumb Code   110  mallocr.o(i.realloc)
    transport_getdata                        0x080086cd   Thumb Code    16  transport.o(i.transport_getdata)
    transport_sendPacketBuffer               0x080086e1   Thumb Code    14  transport.o(i.transport_sendPacketBuffer)
    writeCString                             0x0800870b   Thumb Code    40  mqttpacket.o(i.writeCString)
    writeChar                                0x08008733   Thumb Code    12  mqttpacket.o(i.writeChar)
    writeInt                                 0x0800873f   Thumb Code    30  mqttpacket.o(i.writeInt)
    writeMQTTString                          0x0800875d   Thumb Code    52  mqttpacket.o(i.writeMQTTString)
    arrow                                    0x08008790   Data           4  lcd.o(.constdata)
    Digital_Num_48x76                        0x08008794   Data        5472  font.o(.constdata)
    Str_8x16                                 0x08009cf4   Data         352  font.o(.constdata)
    Str_12x24                                0x08009e54   Data         720  font.o(.constdata)
    Str_16x32                                0x0800a124   Data        1024  font.o(.constdata)
    Hzk16x16                                 0x0800a524   Data        1462  font.o(.constdata)
    Hzk24x24                                 0x0800aada   Data         740  font.o(.constdata)
    batpic                                   0x0800adbe   Data          80  font.o(.constdata)
    AHBPrescTable                            0x0800ae68   Data          16  system_stm32f0xx.o(.constdata)
    APBPrescTable                            0x0800ae78   Data           8  system_stm32f0xx.o(.constdata)
    __ctype_categories                       0x0800ae80   Data          64  ctype_c.o(.constdata)
    Region$$Table$$Base                      0x0800af10   Number         0  anon$$obj.o(Region$$Table)
    Region$$Table$$Limit                     0x0800af30   Number         0  anon$$obj.o(Region$$Table)
    PMS5003_Data                             0x20000000   Data           6  pms5003.o(.data)
    DHT12_tick                               0x20000006   Data           2  dht12.o(.data)
    DHT12_Temperature                        0x20000008   Data           2  dht12.o(.data)
    DHT12_Humidity                           0x2000000a   Data           2  dht12.o(.data)
    key_tick                                 0x20000010   Data           1  key.o(.data)
    bk_value                                 0x2000001c   Data           1  gui.o(.data)
    gui_tick                                 0x2000001e   Data           2  gui.o(.data)
    GUI_Menu                                 0x20000020   Data           2  gui.o(.data)
    WIFI_Status                              0x20000024   Data           1  esp12s.o(.data)
    Atcmd_tick                               0x2000002c   Data           2  esp12s.o(.data)
    Revcnt                                   0x2000002e   Data           2  esp12s.o(.data)
    ESP12_Tick                               0x20000030   Data           4  esp12s.o(.data)
    topic                                    0x20000034   Data           4  esp12s.o(.data)
    SSID                                     0x20000038   Data          20  esp12s.o(.data)
    Password                                 0x2000004c   Data          20  esp12s.o(.data)
    ESP12S_RevByte                           0x20000060   Data           1  esp12s.o(.data)
    setDate                                  0x20000061   Data           4  usb_task.o(.data)
    Key                                      0x20000066   Data           1  main.o(.data)
    VBat                                     0x20000068   Data           2  main.o(.data)
    RTC_tick                                 0x2000006a   Data           2  rtc.o(.data)
    nDate                                    0x2000006c   Data           4  rtc.o(.data)
    FS_Desc                                  0x20000070   Data          28  usbd_desc.o(.data)
    USBD_LangIDDesc                          0x2000008c   Data           4  usbd_desc.o(.data)
    USBD_FS_DeviceDesc                       0x20000090   Data          18  usbd_desc.o(.data)
    UserTxBufPtrIn                           0x200000a4   Data           4  usbd_cdc_if.o(.data)
    UserTxBufPtrOut                          0x200000a8   Data           4  usbd_cdc_if.o(.data)
    USBD_Interface_fops_FS                   0x200000ac   Data          16  usbd_cdc_if.o(.data)
    uwTick                                   0x200000bc   Data           4  stm32f0xx_hal.o(.data)
    SystemCoreClock                          0x200000c0   Data           4  system_stm32f0xx.o(.data)
    USBD_CDC_CfgHSDesc                       0x200000d8   Data          67  usbd_cdc.o(.data)
    USBD_CDC_CfgFSDesc                       0x2000011c   Data          67  usbd_cdc.o(.data)
    USBD_CDC_OtherSpeedCfgDesc               0x20000160   Data          67  usbd_cdc.o(.data)
    USBD_CDC                                 0x200001a4   Data          56  usbd_cdc.o(.data)
    __microlib_freelist                      0x200001f4   Data           4  mvars.o(.data)
    __microlib_freelist_initialised          0x200001f8   Data           4  mvars.o(.data)
    ESP12S_RevBuf                            0x20000242   Data         300  esp12s.o(.bss)
    buf                                      0x2000036e   Data         200  esp12s.o(.bss)
    setTime                                  0x20000438   Data          20  usb_task.o(.bss)
    ADCBuf                                   0x2000044c   Data          20  main.o(.bss)
    hadc                                     0x20000460   Data          76  adc.o(.bss)
    hdma_adc                                 0x200004ac   Data          68  adc.o(.bss)
    nTime                                    0x200004f0   Data          20  rtc.o(.bss)
    hrtc                                     0x20000504   Data          32  rtc.o(.bss)
    htim2                                    0x20000524   Data          64  tim.o(.bss)
    Uart2                                    0x20000564   Data         106  usart.o(.bss)
    huart1                                   0x200005d0   Data         112  usart.o(.bss)
    huart2                                   0x20000640   Data         112  usart.o(.bss)
    hUsbDeviceFS                             0x200006b0   Data         548  usb_device.o(.bss)
    hpcd_USB_FS                              0x20000af4   Data         544  usbd_conf.o(.bss)
    USBD_StrDesc                             0x20000d14   Data         512  usbd_desc.o(.bss)
    UserRxBufferFS                           0x20000f14   Data         200  usbd_cdc_if.o(.bss)
    UserTxBufferFS                           0x20000fdc   Data         200  usbd_cdc_if.o(.bss)
    __heap_base                              0x200010a8   Data           0  startup_stm32f072xb.o(HEAP)
    __heap_limit                             0x200016a8   Data           0  startup_stm32f072xb.o(HEAP)
    __initial_sp                             0x20001ca8   Data           0  startup_stm32f072xb.o(STACK)



==============================================================================

Memory Map of the image

  Image Entry point : 0x080000c1

  Load Region LR_IROM1 (Base: 0x08000000, Size: 0x0000b12c, Max: 0x00010000, ABSOLUTE, COMPRESSED[0x0000b010])

    Execution Region ER_IROM1 (Exec base: 0x08000000, Load base: 0x08000000, Size: 0x0000af30, Max: 0x00010000, ABSOLUTE)

    Exec Addr    Load Addr    Size         Type   Attr      Idx    E Section Name        Object

    0x08000000   0x08000000   0x000000c0   Data   RO         5669    RESET               startup_stm32f072xb.o
    0x080000c0   0x080000c0   0x00000000   Code   RO         7567  * .ARM.Collect$$$$00000000  mc_p.l(entry.o)
    0x080000c0   0x080000c0   0x00000004   Code   RO         7907    .ARM.Collect$$$$00000001  mc_p.l(entry2.o)
    0x080000c4   0x080000c4   0x00000004   Code   RO         7910    .ARM.Collect$$$$00000004  mc_p.l(entry5.o)
    0x080000c8   0x080000c8   0x00000000   Code   RO         7912    .ARM.Collect$$$$00000008  mc_p.l(entry7b.o)
    0x080000c8   0x080000c8   0x00000000   Code   RO         7914    .ARM.Collect$$$$0000000A  mc_p.l(entry8b.o)
    0x080000c8   0x080000c8   0x00000008   Code   RO         7915    .ARM.Collect$$$$0000000B  mc_p.l(entry9a.o)
    0x080000d0   0x080000d0   0x00000000   Code   RO         7917    .ARM.Collect$$$$0000000D  mc_p.l(entry10a.o)
    0x080000d0   0x080000d0   0x00000000   Code   RO         7919    .ARM.Collect$$$$0000000F  mc_p.l(entry11a.o)
    0x080000d0   0x080000d0   0x00000004   Code   RO         7908    .ARM.Collect$$$$00002712  mc_p.l(entry2.o)
    0x080000d4   0x080000d4   0x0000001c   Code   RO         5670    .text               startup_stm32f072xb.o
    0x080000f0   0x080000f0   0x0000002c   Code   RO         7570    .text               mc_p.l(uidiv.o)
    0x0800011c   0x0800011c   0x00000028   Code   RO         7572    .text               mc_p.l(idiv.o)
    0x08000144   0x08000144   0x00000022   Code   RO         7574    .text               mc_p.l(llushr.o)
    0x08000166   0x08000166   0x00000024   Code   RO         7578    .text               mc_p.l(memcpya.o)
    0x0800018a   0x0800018a   0x00000024   Code   RO         7580    .text               mc_p.l(memseta.o)
    0x080001ae   0x080001ae   0x00000018   Code   RO         7582    .text               mc_p.l(strcat.o)
    0x080001c6   0x080001c6   0x0000000e   Code   RO         7584    .text               mc_p.l(strlen.o)
    0x080001d4   0x080001d4   0x00000012   Code   RO         7590    .text               mc_p.l(strcpy.o)
    0x080001e6   0x080001e6   0x00000002   PAD
    0x080001e8   0x080001e8   0x0000003c   Code   RO         7887    .text               mc_p.l(__0sscanf.o)
    0x08000224   0x08000224   0x00000374   Code   RO         7889    .text               mc_p.l(scanf_fp.o)
    0x08000598   0x08000598   0x000000f0   Code   RO         7893    .text               mf_p.l(ddiv.o)
    0x08000688   0x08000688   0x00000028   Code   RO         7895    .text               mf_p.l(dflti.o)
    0x080006b0   0x080006b0   0x0000001c   Code   RO         7897    .text               mf_p.l(dfltui.o)
    0x080006cc   0x080006cc   0x00000048   Code   RO         7899    .text               mf_p.l(dfixi.o)
    0x08000714   0x08000714   0x00000028   Code   RO         7903    .text               mf_p.l(cdcmple.o)
    0x0800073c   0x0800073c   0x00000028   Code   RO         7905    .text               mf_p.l(cdrcmple.o)
    0x08000764   0x08000764   0x00000060   Code   RO         7924    .text               mc_p.l(uldiv.o)
    0x080007c4   0x080007c4   0x0000007a   Code   RO         7926    .text               mc_p.l(llmul.o)
    0x0800083e   0x0800083e   0x00000002   PAD
    0x08000840   0x08000840   0x0000002c   Code   RO         7930    .text               mc_p.l(scanf_char.o)
    0x0800086c   0x0800086c   0x00000044   Code   RO         7932    .text               mc_p.l(_sgetc.o)
    0x080008b0   0x080008b0   0x00000000   Code   RO         7936    .text               mc_p.l(iusefp.o)
    0x080008b0   0x080008b0   0x000000be   Code   RO         7937    .text               mf_p.l(depilogue.o)
    0x0800096e   0x0800096e   0x00000002   PAD
    0x08000970   0x08000970   0x00000164   Code   RO         7941    .text               mf_p.l(dadd.o)
    0x08000ad4   0x08000ad4   0x000000d0   Code   RO         7943    .text               mf_p.l(dmul.o)
    0x08000ba4   0x08000ba4   0x0000001c   Code   RO         7945    .text               mf_p.l(dfltul.o)
    0x08000bc0   0x08000bc0   0x00000040   Code   RO         7947    .text               mf_p.l(dfixul.o)
    0x08000c00   0x08000c00   0x00000038   Code   RO         7949    .text               mf_p.l(d2f.o)
    0x08000c38   0x08000c38   0x00000024   Code   RO         7951    .text               mc_p.l(init.o)
    0x08000c5c   0x08000c5c   0x00000020   Code   RO         7954    .text               mc_p.l(llshl.o)
    0x08000c7c   0x08000c7c   0x00000026   Code   RO         7956    .text               mc_p.l(llsshr.o)
    0x08000ca2   0x08000ca2   0x0000000e   Code   RO         7958    .text               mc_p.l(isspace_c.o)
    0x08000cb0   0x08000cb0   0x00000338   Code   RO         7960    .text               mc_p.l(_scanf.o)
    0x08000fe8   0x08000fe8   0x00000082   Code   RO         7963    .text               mf_p.l(fepilogue.o)
    0x0800106a   0x0800106a   0x00000002   PAD
    0x0800106c   0x0800106c   0x00000024   Code   RO         7965    .text               mc_p.l(ctype_c.o)
    0x08001090   0x08001090   0x00000056   Code   RO         7976    .text               mc_p.l(__dczerorl2.o)
    0x080010e6   0x080010e6   0x0000006c   Code   RO         2131    i.ADC_DMAConvCplt   stm32f0xx_hal_adc.o
    0x08001152   0x08001152   0x0000001a   Code   RO         2132    i.ADC_DMAError      stm32f0xx_hal_adc.o
    0x0800116c   0x0800116c   0x0000000a   Code   RO         2133    i.ADC_DMAHalfConvCplt  stm32f0xx_hal_adc.o
    0x08001176   0x08001176   0x00000002   PAD
    0x08001178   0x08001178   0x00000084   Code   RO         2135    i.ADC_Enable        stm32f0xx_hal_adc.o
    0x080011fc   0x080011fc   0x00000014   Code   RO          640    i.ATCMD_IncTick     esp12s.o
    0x08001210   0x08001210   0x00000078   Code   RO          641    i.AT_CMD            esp12s.o
    0x08001288   0x08001288   0x00000004   Code   RO         1748    i.CDC_Control_FS    usbd_cdc_if.o
    0x0800128c   0x0800128c   0x00000004   Code   RO         1749    i.CDC_DeInit_FS     usbd_cdc_if.o
    0x08001290   0x08001290   0x00000024   Code   RO         1750    i.CDC_Init_FS       usbd_cdc_if.o
    0x080012b4   0x080012b4   0x00000040   Code   RO         1751    i.CDC_Receive_FS    usbd_cdc_if.o
    0x080012f4   0x080012f4   0x00000030   Code   RO         1752    i.CDC_Transmit_FS   usbd_cdc_if.o
    0x08001324   0x08001324   0x00000024   Code   RO          642    i.Clr_RxBuf         esp12s.o
    0x08001348   0x08001348   0x00000010   Code   RO          152    i.DHT12_IncTick     dht12.o
    0x08001358   0x08001358   0x000000e4   Code   RO          153    i.DHT12_READ        dht12.o
    0x0800143c   0x0800143c   0x00000058   Code   RO          154    i.DHT12_Rdata       dht12.o
    0x08001494   0x08001494   0x00000010   Code   RO         1797    i.DMA1_Channel1_IRQHandler  stm32f0xx_it.o
    0x080014a4   0x080014a4   0x00000024   Code   RO         5145    i.DMA_CalcBaseAndBitshift  stm32f0xx_hal_dma.o
    0x080014c8   0x080014c8   0x00000028   Code   RO         5146    i.DMA_SetConfig     stm32f0xx_hal_dma.o
    0x080014f0   0x080014f0   0x00000026   Code   RO          313    i.DrawHLine         lcd.o
    0x08001516   0x08001516   0x00000022   Code   RO          314    i.DrawVLine         lcd.o
    0x08001538   0x08001538   0x0000003c   Code   RO          643    i.ESP12S_Init       esp12s.o
    0x08001574   0x08001574   0x00000164   Code   RO          644    i.ESP12_Task        esp12s.o
    0x080016d8   0x080016d8   0x000000f8   Code   RO          315    i.GUI_DispBattery   lcd.o
    0x080017d0   0x080017d0   0x000000fc   Code   RO          316    i.GUI_DispDateTime  lcd.o
    0x080018cc   0x080018cc   0x0000009c   Code   RO          317    i.GUI_DispHZ_16x16  lcd.o
    0x08001968   0x08001968   0x0000009c   Code   RO          318    i.GUI_DispHZ_24x24  lcd.o
    0x08001a04   0x08001a04   0x00000148   Code   RO          321    i.GUI_DispNumber_48x76  lcd.o
    0x08001b4c   0x08001b4c   0x00000068   Code   RO          322    i.GUI_Disp_Arrow    lcd.o
    0x08001bb4   0x08001bb4   0x000000a0   Code   RO          323    i.GUI_Dispstr_12x24  lcd.o
    0x08001c54   0x08001c54   0x0000009c   Code   RO          324    i.GUI_Dispstr_16x32  lcd.o
    0x08001cf0   0x08001cf0   0x000000dc   Code   RO          325    i.GUI_Dispstr_8x16  lcd.o
    0x08001dcc   0x08001dcc   0x00000010   Code   RO          562    i.GUI_IncTick       gui.o
    0x08001ddc   0x08001ddc   0x00000010   Code   RO          563    i.GUI_Init          gui.o
    0x08001dec   0x08001dec   0x00000028   Code   RO          328    i.GUI_Rectangle     lcd.o
    0x08001e14   0x08001e14   0x0000005c   Code   RO          564    i.GUI_Task          gui.o
    0x08001e70   0x08001e70   0x00000024   Code   RO         1261    i.GetDateTime       rtc.o
    0x08001e94   0x08001e94   0x0000002c   Code   RO         1086    i.GetVBat           adc.o
    0x08001ec0   0x08001ec0   0x0000012c   Code   RO         2137    i.HAL_ADC_ConfigChannel  stm32f0xx_hal_adc.o
    0x08001fec   0x08001fec   0x00000002   Code   RO         2138    i.HAL_ADC_ConvCpltCallback  stm32f0xx_hal_adc.o
    0x08001fee   0x08001fee   0x00000002   Code   RO         2139    i.HAL_ADC_ConvHalfCpltCallback  stm32f0xx_hal_adc.o
    0x08001ff0   0x08001ff0   0x00000002   Code   RO         2141    i.HAL_ADC_ErrorCallback  stm32f0xx_hal_adc.o
    0x08001ff2   0x08001ff2   0x00000002   PAD
    0x08001ff4   0x08001ff4   0x00000174   Code   RO         2146    i.HAL_ADC_Init      stm32f0xx_hal_adc.o
    0x08002168   0x08002168   0x0000008c   Code   RO         1088    i.HAL_ADC_MspInit   adc.o
    0x080021f4   0x080021f4   0x000000a0   Code   RO         2153    i.HAL_ADC_Start_DMA  stm32f0xx_hal_adc.o
    0x08002294   0x08002294   0x00000048   Code   RO         5148    i.HAL_DMA_Abort_IT  stm32f0xx_hal_dma.o
    0x080022dc   0x080022dc   0x0000009c   Code   RO         5152    i.HAL_DMA_IRQHandler  stm32f0xx_hal_dma.o
    0x08002378   0x08002378   0x00000058   Code   RO         5153    i.HAL_DMA_Init      stm32f0xx_hal_dma.o
    0x080023d0   0x080023d0   0x0000006a   Code   RO         5157    i.HAL_DMA_Start_IT  stm32f0xx_hal_dma.o
    0x0800243a   0x0800243a   0x0000001c   Code   RO         4477    i.HAL_Delay         stm32f0xx_hal.o
    0x08002456   0x08002456   0x00000002   PAD
    0x08002458   0x08002458   0x00000158   Code   RO         5086    i.HAL_GPIO_Init     stm32f0xx_hal_gpio.o
    0x080025b0   0x080025b0   0x0000000c   Code   RO         5090    i.HAL_GPIO_WritePin  stm32f0xx_hal_gpio.o
    0x080025bc   0x080025bc   0x0000000c   Code   RO         4481    i.HAL_GetTick       stm32f0xx_hal.o
    0x080025c8   0x080025c8   0x00000010   Code   RO         4485    i.HAL_IncTick       stm32f0xx_hal.o
    0x080025d8   0x080025d8   0x00000020   Code   RO         4486    i.HAL_Init          stm32f0xx_hal.o
    0x080025f8   0x080025f8   0x00000022   Code   RO         4487    i.HAL_InitTick      stm32f0xx_hal.o
    0x0800261a   0x0800261a   0x00000002   PAD
    0x0800261c   0x0800261c   0x00000044   Code   RO         1869    i.HAL_MspInit       stm32f0xx_hal_msp.o
    0x08002660   0x08002660   0x00000014   Code   RO         5243    i.HAL_NVIC_EnableIRQ  stm32f0xx_hal_cortex.o
    0x08002674   0x08002674   0x00000008   Code   RO         5247    i.HAL_NVIC_SetPriority  stm32f0xx_hal_cortex.o
    0x0800267c   0x0800267c   0x0000003a   Code   RO         2110    i.HAL_PCDEx_PMAConfig  stm32f0xx_hal_pcd_ex.o
    0x080026b6   0x080026b6   0x00000018   Code   RO         1483    i.HAL_PCD_DataInStageCallback  usbd_conf.o
    0x080026ce   0x080026ce   0x0000001c   Code   RO         1484    i.HAL_PCD_DataOutStageCallback  usbd_conf.o
    0x080026ea   0x080026ea   0x00000002   PAD
    0x080026ec   0x080026ec   0x00000168   Code   RO         1898    i.HAL_PCD_EP_Close  stm32f0xx_hal_pcd.o
    0x08002854   0x08002854   0x000000b4   Code   RO         1899    i.HAL_PCD_EP_ClrStall  stm32f0xx_hal_pcd.o
    0x08002908   0x08002908   0x00000014   Code   RO         1901    i.HAL_PCD_EP_GetRxCount  stm32f0xx_hal_pcd.o
    0x0800291c   0x0800291c   0x000002a4   Code   RO         1902    i.HAL_PCD_EP_Open   stm32f0xx_hal_pcd.o
    0x08002bc0   0x08002bc0   0x00000100   Code   RO         1903    i.HAL_PCD_EP_Receive  stm32f0xx_hal_pcd.o
    0x08002cc0   0x08002cc0   0x00000094   Code   RO         1904    i.HAL_PCD_EP_SetStall  stm32f0xx_hal_pcd.o
    0x08002d54   0x08002d54   0x000000f0   Code   RO         1905    i.HAL_PCD_EP_Transmit  stm32f0xx_hal_pcd.o
    0x08002e44   0x08002e44   0x0000010c   Code   RO         1907    i.HAL_PCD_IRQHandler  stm32f0xx_hal_pcd.o
    0x08002f50   0x08002f50   0x0000009a   Code   RO         1910    i.HAL_PCD_Init      stm32f0xx_hal_pcd.o
    0x08002fea   0x08002fea   0x00000002   PAD
    0x08002fec   0x08002fec   0x00000038   Code   RO         1489    i.HAL_PCD_MspInit   usbd_conf.o
    0x08003024   0x08003024   0x00000018   Code   RO         1490    i.HAL_PCD_ResetCallback  usbd_conf.o
    0x0800303c   0x0800303c   0x0000002c   Code   RO         1491    i.HAL_PCD_ResumeCallback  usbd_conf.o
    0x08003068   0x08003068   0x00000010   Code   RO         1492    i.HAL_PCD_SOFCallback  usbd_conf.o
    0x08003078   0x08003078   0x0000002c   Code   RO         1916    i.HAL_PCD_SetAddress  stm32f0xx_hal_pcd.o
    0x080030a4   0x080030a4   0x00000016   Code   RO         1493    i.HAL_PCD_SetupStageCallback  usbd_conf.o
    0x080030ba   0x080030ba   0x00000012   Code   RO         1918    i.HAL_PCD_Start     stm32f0xx_hal_pcd.o
    0x080030cc   0x080030cc   0x00000028   Code   RO         1494    i.HAL_PCD_SuspendCallback  usbd_conf.o
    0x080030f4   0x080030f4   0x00000010   Code   RO         5340    i.HAL_PWR_EnableBkUpAccess  stm32f0xx_hal_pwr.o
    0x08003104   0x08003104   0x00000120   Code   RO         4397    i.HAL_RCCEx_PeriphCLKConfig  stm32f0xx_hal_rcc_ex.o
    0x08003224   0x08003224   0x00000154   Code   RO         4295    i.HAL_RCC_ClockConfig  stm32f0xx_hal_rcc.o
    0x08003378   0x08003378   0x0000000c   Code   RO         4300    i.HAL_RCC_GetHCLKFreq  stm32f0xx_hal_rcc.o
    0x08003384   0x08003384   0x00000020   Code   RO         4302    i.HAL_RCC_GetPCLK1Freq  stm32f0xx_hal_rcc.o
    0x080033a4   0x080033a4   0x00000088   Code   RO         4303    i.HAL_RCC_GetSysClockFreq  stm32f0xx_hal_rcc.o
    0x0800342c   0x0800342c   0x000003d8   Code   RO         4306    i.HAL_RCC_OscConfig  stm32f0xx_hal_rcc.o
    0x08003804   0x08003804   0x00000044   Code   RO         2331    i.HAL_RTC_GetDate   stm32f0xx_hal_rtc.o
    0x08003848   0x08003848   0x0000005c   Code   RO         2333    i.HAL_RTC_GetTime   stm32f0xx_hal_rtc.o
    0x080038a4   0x080038a4   0x000000b4   Code   RO         2334    i.HAL_RTC_Init      stm32f0xx_hal_rtc.o
    0x08003958   0x08003958   0x00000020   Code   RO         1263    i.HAL_RTC_MspInit   rtc.o
    0x08003978   0x08003978   0x000000c8   Code   RO         2340    i.HAL_RTC_SetDate   stm32f0xx_hal_rtc.o
    0x08003a40   0x08003a40   0x000000e4   Code   RO         2341    i.HAL_RTC_SetTime   stm32f0xx_hal_rtc.o
    0x08003b24   0x08003b24   0x00000034   Code   RO         2342    i.HAL_RTC_WaitForSynchro  stm32f0xx_hal_rtc.o
    0x08003b58   0x08003b58   0x00000018   Code   RO         5249    i.HAL_SYSTICK_CLKSourceConfig  stm32f0xx_hal_cortex.o
    0x08003b70   0x08003b70   0x00000002   Code   RO         5250    i.HAL_SYSTICK_Callback  stm32f0xx_hal_cortex.o
    0x08003b72   0x08003b72   0x00000002   PAD
    0x08003b74   0x08003b74   0x00000030   Code   RO         5251    i.HAL_SYSTICK_Config  stm32f0xx_hal_cortex.o
    0x08003ba4   0x08003ba4   0x00000008   Code   RO         5252    i.HAL_SYSTICK_IRQHandler  stm32f0xx_hal_cortex.o
    0x08003bac   0x08003bac   0x00000048   Code   RO         3670    i.HAL_TIMEx_MasterConfigSynchronization  stm32f0xx_hal_tim_ex.o
    0x08003bf4   0x08003bf4   0x00000034   Code   RO         3016    i.HAL_TIM_Base_Init  stm32f0xx_hal_tim.o
    0x08003c28   0x08003c28   0x00000024   Code   RO         1357    i.HAL_TIM_Base_MspInit  tim.o
    0x08003c4c   0x08003c4c   0x000000ee   Code   RO         3025    i.HAL_TIM_ConfigClockSource  stm32f0xx_hal_tim.o
    0x08003d3a   0x08003d3a   0x0000002a   Code   RO         1358    i.HAL_TIM_MspPostInit  tim.o
    0x08003d64   0x08003d64   0x000000d0   Code   RO         3084    i.HAL_TIM_PWM_ConfigChannel  stm32f0xx_hal_tim.o
    0x08003e34   0x08003e34   0x00000034   Code   RO         3087    i.HAL_TIM_PWM_Init  stm32f0xx_hal_tim.o
    0x08003e68   0x08003e68   0x00000002   Code   RO         3089    i.HAL_TIM_PWM_MspInit  stm32f0xx_hal_tim.o
    0x08003e6a   0x08003e6a   0x00000002   PAD
    0x08003e6c   0x08003e6c   0x00000050   Code   RO         3091    i.HAL_TIM_PWM_Start  stm32f0xx_hal_tim.o
    0x08003ebc   0x08003ebc   0x00000002   Code   RO         4239    i.HAL_UARTEx_WakeupCallback  stm32f0xx_hal_uart_ex.o
    0x08003ebe   0x08003ebe   0x00000002   Code   RO         3914    i.HAL_UART_ErrorCallback  stm32f0xx_hal_uart.o
    0x08003ec0   0x08003ec0   0x00000134   Code   RO         3917    i.HAL_UART_IRQHandler  stm32f0xx_hal_uart.o
    0x08003ff4   0x08003ff4   0x0000006c   Code   RO         3918    i.HAL_UART_Init     stm32f0xx_hal_uart.o
    0x08004060   0x08004060   0x00000064   Code   RO         1401    i.HAL_UART_MspInit  usart.o
    0x080040c4   0x080040c4   0x000000a0   Code   RO         3923    i.HAL_UART_Receive_IT  stm32f0xx_hal_uart.o
    0x08004164   0x08004164   0x000000d4   Code   RO         1402    i.HAL_UART_RxCpltCallback  usart.o
    0x08004238   0x08004238   0x00000058   Code   RO         3928    i.HAL_UART_Transmit_IT  stm32f0xx_hal_uart.o
    0x08004290   0x08004290   0x00000002   Code   RO         3929    i.HAL_UART_TxCpltCallback  stm32f0xx_hal_uart.o
    0x08004292   0x08004292   0x00000002   PAD
    0x08004294   0x08004294   0x00000048   Code   RO          645    i.Hand              esp12s.o
    0x080042dc   0x080042dc   0x00000002   Code   RO         1798    i.HardFault_Handler  stm32f0xx_it.o
    0x080042de   0x080042de   0x00000002   PAD
    0x080042e0   0x080042e0   0x00000010   Code   RO          524    i.Key_IncTick       key.o
    0x080042f0   0x080042f0   0x0000002c   Code   RO          329    i.LCD_BRUSH         lcd.o
    0x0800431c   0x0800431c   0x00000182   Code   RO          331    i.LCD_INIT          lcd.o
    0x0800449e   0x0800449e   0x00000002   PAD
    0x080044a0   0x080044a0   0x00000038   Code   RO          332    i.LCD_RST           lcd.o
    0x080044d8   0x080044d8   0x00000036   Code   RO          333    i.LCD_SET_WIN       lcd.o
    0x0800450e   0x0800450e   0x00000002   PAD
    0x08004510   0x08004510   0x00000024   Code   RO          334    i.LCD_Write_CMD     lcd.o
    0x08004534   0x08004534   0x00000024   Code   RO          335    i.LCD_Write_DATA    lcd.o
    0x08004558   0x08004558   0x00000038   Code   RO          336    i.LCD_Write_DATA_16  lcd.o
    0x08004590   0x08004590   0x0000004a   Code   RO         6626    i.MQTTDeserialize_ack  mqttdeserializepublish.o
    0x080045da   0x080045da   0x00000062   Code   RO         6560    i.MQTTDeserialize_connack  mqttconnectclient.o
    0x0800463c   0x0800463c   0x00000036   Code   RO         6702    i.MQTTPacket_decode  mqttpacket.o
    0x08004672   0x08004672   0x00000002   PAD
    0x08004674   0x08004674   0x00000018   Code   RO         6703    i.MQTTPacket_decodeBuf  mqttpacket.o
    0x0800468c   0x0800468c   0x00000028   Code   RO         6704    i.MQTTPacket_encode  mqttpacket.o
    0x080046b4   0x080046b4   0x00000028   Code   RO         6706    i.MQTTPacket_len    mqttpacket.o
    0x080046dc   0x080046dc   0x00000054   Code   RO         6707    i.MQTTPacket_read   mqttpacket.o
    0x08004730   0x08004730   0x00000150   Code   RO         6561    i.MQTTSerialize_connect  mqttconnectclient.o
    0x08004880   0x08004880   0x0000007c   Code   RO         6562    i.MQTTSerialize_connectLength  mqttconnectclient.o
    0x080048fc   0x080048fc   0x00000092   Code   RO         6814    i.MQTTSerialize_publish  mqttserializepublish.o
    0x0800498e   0x0800498e   0x0000001e   Code   RO         6815    i.MQTTSerialize_publishLength  mqttserializepublish.o
    0x080049ac   0x080049ac   0x00000010   Code   RO         6709    i.MQTTstrlen        mqttpacket.o
    0x080049bc   0x080049bc   0x00000078   Code   RO         1089    i.MX_ADC_Init       adc.o
    0x08004a34   0x08004a34   0x00000028   Code   RO         1134    i.MX_DMA_Init       dma.o
    0x08004a5c   0x08004a5c   0x00000108   Code   RO         1063    i.MX_GPIO_Init      gpio.o
    0x08004b64   0x08004b64   0x00000094   Code   RO         1264    i.MX_RTC_Init       rtc.o
    0x08004bf8   0x08004bf8   0x000000b4   Code   RO         1359    i.MX_TIM2_Init      tim.o
    0x08004cac   0x08004cac   0x0000004c   Code   RO         1403    i.MX_USART1_UART_Init  usart.o
    0x08004cf8   0x08004cf8   0x00000054   Code   RO         1404    i.MX_USART2_UART_Init  usart.o
    0x08004d4c   0x08004d4c   0x00000034   Code   RO         1451    i.MX_USB_DEVICE_Init  usb_device.o
    0x08004d80   0x08004d80   0x00000002   Code   RO         1799    i.NMI_Handler       stm32f0xx_it.o
    0x08004d82   0x08004d82   0x00000002   PAD
    0x08004d84   0x08004d84   0x00000044   Code   RO         5253    i.NVIC_SetPriority  stm32f0xx_hal_cortex.o
    0x08004dc8   0x08004dc8   0x00000338   Code   RO         1921    i.PCD_EP_ISR_Handler  stm32f0xx_hal_pcd.o
    0x08005100   0x08005100   0x0000002a   Code   RO         1922    i.PCD_ReadPMA       stm32f0xx_hal_pcd.o
    0x0800512a   0x0800512a   0x00000026   Code   RO         1923    i.PCD_WritePMA      stm32f0xx_hal_pcd.o
    0x08005150   0x08005150   0x00000078   Code   RO            3    i.PMS_RevData       pms5003.o
    0x080051c8   0x080051c8   0x000004bc   Code   RO          566    i.Page1_Display     gui.o
    0x08005684   0x08005684   0x00000024   Code   RO          567    i.Page2_Display     gui.o
    0x080056a8   0x080056a8   0x00000024   Code   RO          568    i.Page3_Display     gui.o
    0x080056cc   0x080056cc   0x00000024   Code   RO          569    i.Page4_Display     gui.o
    0x080056f0   0x080056f0   0x00000024   Code   RO          570    i.Page5_Display     gui.o
    0x08005714   0x08005714   0x00000002   Code   RO         1800    i.PendSV_Handler    stm32f0xx_it.o
    0x08005716   0x08005716   0x00000010   Code   RO         2343    i.RTC_Bcd2ToByte    stm32f0xx_hal_rtc.o
    0x08005726   0x08005726   0x00000016   Code   RO         2344    i.RTC_ByteToBcd2    stm32f0xx_hal_rtc.o
    0x0800573c   0x0800573c   0x00000038   Code   RO         2345    i.RTC_EnterInitMode  stm32f0xx_hal_rtc.o
    0x08005774   0x08005774   0x00000010   Code   RO         1265    i.RTC_IncTick       rtc.o
    0x08005784   0x08005784   0x0000013c   Code   RO          646    i.ReConnectWiFi     esp12s.o
    0x080058c0   0x080058c0   0x00000024   Code   RO          155    i.SDA_IN            dht12.o
    0x080058e4   0x080058e4   0x00000024   Code   RO          156    i.SDA_OUT           dht12.o
    0x08005908   0x08005908   0x00000002   Code   RO         1801    i.SVC_Handler       stm32f0xx_it.o
    0x0800590a   0x0800590a   0x00000002   PAD
    0x0800590c   0x0800590c   0x00000020   Code   RO         1266    i.SetDateTime       rtc.o
    0x0800592c   0x0800592c   0x00000020   Code   RO         1802    i.SysTick_Handler   stm32f0xx_it.o
    0x0800594c   0x0800594c   0x00000094   Code   RO          822    i.SystemClock_Config  main.o
    0x080059e0   0x080059e0   0x0000005c   Code   RO         5677    i.SystemInit        system_stm32f0xx.o
    0x08005a3c   0x08005a3c   0x000000e4   Code   RO          647    i.TCP_Mode          esp12s.o
    0x08005b20   0x08005b20   0x0000001c   Code   RO          337    i.TFT_BK            lcd.o
    0x08005b3c   0x08005b3c   0x00000094   Code   RO         3102    i.TIM_Base_SetConfig  stm32f0xx_hal_tim.o
    0x08005bd0   0x08005bd0   0x00000016   Code   RO         3103    i.TIM_CCxChannelCmd  stm32f0xx_hal_tim.o
    0x08005be6   0x08005be6   0x00000016   Code   RO         3109    i.TIM_ETR_SetConfig  stm32f0xx_hal_tim.o
    0x08005bfc   0x08005bfc   0x00000010   Code   RO         3110    i.TIM_ITRx_SetConfig  stm32f0xx_hal_tim.o
    0x08005c0c   0x08005c0c   0x00000088   Code   RO         3111    i.TIM_OC1_SetConfig  stm32f0xx_hal_tim.o
    0x08005c94   0x08005c94   0x00000080   Code   RO         3112    i.TIM_OC2_SetConfig  stm32f0xx_hal_tim.o
    0x08005d14   0x08005d14   0x00000084   Code   RO         3113    i.TIM_OC3_SetConfig  stm32f0xx_hal_tim.o
    0x08005d98   0x08005d98   0x0000006c   Code   RO         3114    i.TIM_OC4_SetConfig  stm32f0xx_hal_tim.o
    0x08005e04   0x08005e04   0x00000022   Code   RO         3116    i.TIM_TI1_ConfigInputStage  stm32f0xx_hal_tim.o
    0x08005e26   0x08005e26   0x00000026   Code   RO         3118    i.TIM_TI2_ConfigInputStage  stm32f0xx_hal_tim.o
    0x08005e4c   0x08005e4c   0x000000ca   Code   RO         3931    i.UART_AdvFeatureConfig  stm32f0xx_hal_uart.o
    0x08005f16   0x08005f16   0x00000002   PAD
    0x08005f18   0x08005f18   0x00000074   Code   RO         3932    i.UART_CheckIdleState  stm32f0xx_hal_uart.o
    0x08005f8c   0x08005f8c   0x00000014   Code   RO         3933    i.UART_DMAAbortOnError  stm32f0xx_hal_uart.o
    0x08005fa0   0x08005fa0   0x0000001e   Code   RO         3943    i.UART_EndRxTransfer  stm32f0xx_hal_uart.o
    0x08005fbe   0x08005fbe   0x0000001a   Code   RO         3944    i.UART_EndTransmit_IT  stm32f0xx_hal_uart.o
    0x08005fd8   0x08005fd8   0x0000007a   Code   RO         3946    i.UART_Receive_IT   stm32f0xx_hal_uart.o
    0x08006052   0x08006052   0x00000002   PAD
    0x08006054   0x08006054   0x0000015c   Code   RO         3947    i.UART_SetConfig    stm32f0xx_hal_uart.o
    0x080061b0   0x080061b0   0x00000066   Code   RO         3948    i.UART_Transmit_IT  stm32f0xx_hal_uart.o
    0x08006216   0x08006216   0x00000062   Code   RO         3949    i.UART_WaitOnFlagUntilTimeout  stm32f0xx_hal_uart.o
    0x08006278   0x08006278   0x00000010   Code   RO         1803    i.USART1_IRQHandler  stm32f0xx_it.o
    0x08006288   0x08006288   0x00000010   Code   RO         1804    i.USART2_IRQHandler  stm32f0xx_it.o
    0x08006298   0x08006298   0x0000001e   Code   RO         6460    i.USBD_CDC_DataIn   usbd_cdc.o
    0x080062b6   0x080062b6   0x00000034   Code   RO         6461    i.USBD_CDC_DataOut  usbd_cdc.o
    0x080062ea   0x080062ea   0x0000003c   Code   RO         6462    i.USBD_CDC_DeInit   usbd_cdc.o
    0x08006326   0x08006326   0x00000028   Code   RO         6463    i.USBD_CDC_EP0_RxReady  usbd_cdc.o
    0x0800634e   0x0800634e   0x00000002   PAD
    0x08006350   0x08006350   0x0000000c   Code   RO         6464    i.USBD_CDC_GetDeviceQualifierDescriptor  usbd_cdc.o
    0x0800635c   0x0800635c   0x0000000c   Code   RO         6465    i.USBD_CDC_GetFSCfgDesc  usbd_cdc.o
    0x08006368   0x08006368   0x0000000c   Code   RO         6466    i.USBD_CDC_GetHSCfgDesc  usbd_cdc.o
    0x08006374   0x08006374   0x0000000c   Code   RO         6467    i.USBD_CDC_GetOtherSpeedCfgDesc  usbd_cdc.o
    0x08006380   0x08006380   0x0000008a   Code   RO         6468    i.USBD_CDC_Init     usbd_cdc.o
    0x0800640a   0x0800640a   0x00000038   Code   RO         6469    i.USBD_CDC_ReceivePacket  usbd_cdc.o
    0x08006442   0x08006442   0x00000014   Code   RO         6470    i.USBD_CDC_RegisterInterface  usbd_cdc.o
    0x08006456   0x08006456   0x00000014   Code   RO         6471    i.USBD_CDC_SetRxBuffer  usbd_cdc.o
    0x0800646a   0x0800646a   0x00000016   Code   RO         6472    i.USBD_CDC_SetTxBuffer  usbd_cdc.o
    0x08006480   0x08006480   0x00000074   Code   RO         6473    i.USBD_CDC_Setup    usbd_cdc.o
    0x080064f4   0x080064f4   0x00000034   Code   RO         6474    i.USBD_CDC_TransmitPacket  usbd_cdc.o
    0x08006528   0x08006528   0x00000010   Code   RO         6209    i.USBD_ClrClassConfig  usbd_core.o
    0x08006538   0x08006538   0x00000010   Code   RO         6404    i.USBD_CtlContinueRx  usbd_ioreq.o
    0x08006548   0x08006548   0x00000010   Code   RO         6405    i.USBD_CtlContinueSendData  usbd_ioreq.o
    0x08006558   0x08006558   0x00000014   Code   RO         6343    i.USBD_CtlError     usbd_ctlreq.o
    0x0800656c   0x0800656c   0x00000020   Code   RO         6406    i.USBD_CtlPrepareRx  usbd_ioreq.o
    0x0800658c   0x0800658c   0x00000018   Code   RO         6407    i.USBD_CtlReceiveStatus  usbd_ioreq.o
    0x080065a4   0x080065a4   0x0000001c   Code   RO         6408    i.USBD_CtlSendData  usbd_ioreq.o
    0x080065c0   0x080065c0   0x00000018   Code   RO         6409    i.USBD_CtlSendStatus  usbd_ioreq.o
    0x080065d8   0x080065d8   0x00000020   Code   RO         1684    i.USBD_FS_ConfigStrDescriptor  usbd_desc.o
    0x080065f8   0x080065f8   0x0000000c   Code   RO         1685    i.USBD_FS_DeviceDescriptor  usbd_desc.o
    0x08006604   0x08006604   0x00000024   Code   RO         1686    i.USBD_FS_InterfaceStrDescriptor  usbd_desc.o
    0x08006628   0x08006628   0x0000000c   Code   RO         1687    i.USBD_FS_LangIDStrDescriptor  usbd_desc.o
    0x08006634   0x08006634   0x00000028   Code   RO         1688    i.USBD_FS_ManufacturerStrDescriptor  usbd_desc.o
    0x0800665c   0x0800665c   0x0000002c   Code   RO         1689    i.USBD_FS_ProductStrDescriptor  usbd_desc.o
    0x08006688   0x08006688   0x00000024   Code   RO         1690    i.USBD_FS_SerialStrDescriptor  usbd_desc.o
    0x080066ac   0x080066ac   0x000000e0   Code   RO         6344    i.USBD_GetDescriptor  usbd_ctlreq.o
    0x0800678c   0x0800678c   0x00000044   Code   RO         6345    i.USBD_GetString    usbd_ctlreq.o
    0x080067d0   0x080067d0   0x00000032   Code   RO         6211    i.USBD_Init         usbd_core.o
    0x08006802   0x08006802   0x00000026   Code   RO         1495    i.USBD_LL_ClearStallEP  usbd_conf.o
    0x08006828   0x08006828   0x00000026   Code   RO         1496    i.USBD_LL_CloseEP   usbd_conf.o
    0x0800684e   0x0800684e   0x000000b6   Code   RO         6212    i.USBD_LL_DataInStage  usbd_core.o
    0x08006904   0x08006904   0x00000074   Code   RO         6213    i.USBD_LL_DataOutStage  usbd_core.o
    0x08006978   0x08006978   0x00000010   Code   RO         1500    i.USBD_LL_GetRxDataSize  usbd_conf.o
    0x08006988   0x08006988   0x000000a0   Code   RO         1501    i.USBD_LL_Init      usbd_conf.o
    0x08006a28   0x08006a28   0x00000024   Code   RO         1502    i.USBD_LL_IsStallEP  usbd_conf.o
    0x08006a4c   0x08006a4c   0x0000002c   Code   RO         1503    i.USBD_LL_OpenEP    usbd_conf.o
    0x08006a78   0x08006a78   0x00000026   Code   RO         1504    i.USBD_LL_PrepareReceive  usbd_conf.o
    0x08006a9e   0x08006a9e   0x00000046   Code   RO         6218    i.USBD_LL_Reset     usbd_core.o
    0x08006ae4   0x08006ae4   0x0000000c   Code   RO         6219    i.USBD_LL_Resume    usbd_core.o
    0x08006af0   0x08006af0   0x0000001e   Code   RO         6220    i.USBD_LL_SOF       usbd_core.o
    0x08006b0e   0x08006b0e   0x00000006   Code   RO         6221    i.USBD_LL_SetSpeed  usbd_core.o
    0x08006b14   0x08006b14   0x00000026   Code   RO         1505    i.USBD_LL_SetUSBAddress  usbd_conf.o
    0x08006b3a   0x08006b3a   0x0000005e   Code   RO         6222    i.USBD_LL_SetupStage  usbd_core.o
    0x08006b98   0x08006b98   0x00000026   Code   RO         1506    i.USBD_LL_StallEP   usbd_conf.o
    0x08006bbe   0x08006bbe   0x00000026   Code   RO         1507    i.USBD_LL_Start     usbd_conf.o
    0x08006be4   0x08006be4   0x00000010   Code   RO         6223    i.USBD_LL_Suspend   usbd_core.o
    0x08006bf4   0x08006bf4   0x00000026   Code   RO         1509    i.USBD_LL_Transmit  usbd_conf.o
    0x08006c1a   0x08006c1a   0x00000028   Code   RO         6346    i.USBD_ParseSetupRequest  usbd_ctlreq.o
    0x08006c42   0x08006c42   0x00000016   Code   RO         6224    i.USBD_RegisterClass  usbd_core.o
    0x08006c58   0x08006c58   0x0000001c   Code   RO         6226    i.USBD_SetClassConfig  usbd_core.o
    0x08006c74   0x08006c74   0x00000070   Code   RO         6347    i.USBD_SetConfig    usbd_ctlreq.o
    0x08006ce4   0x08006ce4   0x0000000a   Code   RO         6227    i.USBD_Start        usbd_core.o
    0x08006cee   0x08006cee   0x000000ee   Code   RO         6348    i.USBD_StdDevReq    usbd_ctlreq.o
    0x08006ddc   0x08006ddc   0x000000ea   Code   RO         6349    i.USBD_StdEPReq     usbd_ctlreq.o
    0x08006ec6   0x08006ec6   0x0000003a   Code   RO         6350    i.USBD_StdItfReq    usbd_ctlreq.o
    0x08006f00   0x08006f00   0x00000002   Code   RO         1510    i.USBD_static_free  usbd_conf.o
    0x08006f02   0x08006f02   0x00000002   PAD
    0x08006f04   0x08006f04   0x00000008   Code   RO         1511    i.USBD_static_malloc  usbd_conf.o
    0x08006f0c   0x08006f0c   0x00000010   Code   RO         1805    i.USB_IRQHandler    stm32f0xx_it.o
    0x08006f1c   0x08006f1c   0x000001c8   Code   RO          764    i.USB_SendMess      usb_task.o
    0x080070e4   0x080070e4   0x00000002   Code   RO          823    i._Error_Handler    main.o
    0x080070e6   0x080070e6   0x00000002   PAD
    0x080070e8   0x080070e8   0x00000028   Code   RO         7831    i.__0sprintf        mc_p.l(printfa.o)
    0x08007110   0x08007110   0x0000002e   Code   RO         7939    i.__ARM_clz         mf_p.l(depilogue.o)
    0x0800713e   0x0800713e   0x0000001a   Code   RO          624    i.__ARM_common_switch8  gui.o
    0x08007158   0x08007158   0x00000064   Code   RO         7861    i.__free$realloc    mc_p.l(mallocr.o)
    0x080071bc   0x080071bc   0x00000048   Code   RO         7862    i.__malloc$realloc  mc_p.l(mallocr.o)
    0x08007204   0x08007204   0x0000000e   Code   RO         7970    i.__scatterload_copy  mc_p.l(handlers.o)
    0x08007212   0x08007212   0x00000002   Code   RO         7971    i.__scatterload_null  mc_p.l(handlers.o)
    0x08007214   0x08007214   0x0000000e   Code   RO         7972    i.__scatterload_zeroinit  mc_p.l(handlers.o)
    0x08007222   0x08007222   0x00000002   PAD
    0x08007224   0x08007224   0x00000174   Code   RO         7836    i._fp_digits        mc_p.l(printfa.o)
    0x08007398   0x08007398   0x0000000e   Code   RO         7891    i._is_digit         mc_p.l(scanf_fp.o)
    0x080073a6   0x080073a6   0x00000002   PAD
    0x080073a8   0x080073a8   0x000006ec   Code   RO         7837    i._printf_core      mc_p.l(printfa.o)
    0x08007a94   0x08007a94   0x00000020   Code   RO         7838    i._printf_post_padding  mc_p.l(printfa.o)
    0x08007ab4   0x08007ab4   0x0000002c   Code   RO         7839    i._printf_pre_padding  mc_p.l(printfa.o)
    0x08007ae0   0x08007ae0   0x0000000a   Code   RO         7841    i._sputc            mc_p.l(printfa.o)
    0x08007aea   0x08007aea   0x00000028   Code   RO         6981    i.add_item_to_array  cjson.o
    0x08007b12   0x08007b12   0x0000005e   Code   RO         6982    i.add_item_to_object  cjson.o
    0x08007b70   0x08007b70   0x00000024   Code   RO         6710    i.bufchar           mqttpacket.o
    0x08007b94   0x08007b94   0x00000014   Code   RO         6990    i.cJSON_AddItemToObject  cjson.o
    0x08007ba8   0x08007ba8   0x00000034   Code   RO         6993    i.cJSON_AddNumberToObject  cjson.o
    0x08007bdc   0x08007bdc   0x00000030   Code   RO         6996    i.cJSON_AddStringToObject  cjson.o
    0x08007c0c   0x08007c0c   0x00000060   Code   RO         7007    i.cJSON_CreateNumber  cjson.o
    0x08007c6c   0x08007c6c   0x00000018   Code   RO         7008    i.cJSON_CreateObject  cjson.o
    0x08007c84   0x08007c84   0x00000034   Code   RO         7011    i.cJSON_CreateString  cjson.o
    0x08007cb8   0x08007cb8   0x0000004c   Code   RO         7015    i.cJSON_Delete      cjson.o
    0x08007d04   0x08007d04   0x00000016   Code   RO         7044    i.cJSON_New_Item    cjson.o
    0x08007d1a   0x08007d1a   0x00000002   PAD
    0x08007d1c   0x08007d1c   0x00000010   Code   RO         7047    i.cJSON_Print       cjson.o
    0x08007d2c   0x08007d2c   0x00000028   Code   RO         7059    i.cJSON_strdup      cjson.o
    0x08007d54   0x08007d54   0x00000026   Code   RO          157    i.delay_us          dht12.o
    0x08007d7a   0x08007d7a   0x00000002   PAD
    0x08007d7c   0x08007d7c   0x00000090   Code   RO         7061    i.ensure            cjson.o
    0x08007e0c   0x08007e0c   0x00000050   Code   RO         7863    i.internal_alloc    mc_p.l(mallocr.o)
    0x08007e5c   0x08007e5c   0x0000006c   Code   RO          525    i.key_driver        key.o
    0x08007ec8   0x08007ec8   0x0000006c   Code   RO          526    i.key_read          key.o
    0x08007f34   0x08007f34   0x000000c8   Code   RO          824    i.main              main.o
    0x08007ffc   0x08007ffc   0x000000a8   Code   RO          648    i.mqtt_connect      esp12s.o
    0x080080a4   0x080080a4   0x000000a0   Code   RO          649    i.mqtt_publish      esp12s.o
    0x08008144   0x08008144   0x0000009e   Code   RO         7070    i.print             cjson.o
    0x080081e2   0x080081e2   0x00000098   Code   RO         7071    i.print_array       cjson.o
    0x0800827a   0x0800827a   0x00000002   PAD
    0x0800827c   0x0800827c   0x000000a4   Code   RO         7072    i.print_number      cjson.o
    0x08008320   0x08008320   0x00000148   Code   RO         7073    i.print_object      cjson.o
    0x08008468   0x08008468   0x00000108   Code   RO         7074    i.print_string_ptr  cjson.o
    0x08008570   0x08008570   0x000000c8   Code   RO         7075    i.print_value       cjson.o
    0x08008638   0x08008638   0x0000000c   Code   RO         6712    i.readChar          mqttpacket.o
    0x08008644   0x08008644   0x00000012   Code   RO         6713    i.readInt           mqttpacket.o
    0x08008656   0x08008656   0x00000002   PAD
    0x08008658   0x08008658   0x00000074   Code   RO         7864    i.realloc           mc_p.l(mallocr.o)
    0x080086cc   0x080086cc   0x00000014   Code   RO         6940    i.transport_getdata  transport.o
    0x080086e0   0x080086e0   0x0000000e   Code   RO         6943    i.transport_sendPacketBuffer  transport.o
    0x080086ee   0x080086ee   0x0000001c   Code   RO         7077    i.update_offset     cjson.o
    0x0800870a   0x0800870a   0x00000028   Code   RO         6715    i.writeCString      mqttpacket.o
    0x08008732   0x08008732   0x0000000c   Code   RO         6716    i.writeChar         mqttpacket.o
    0x0800873e   0x0800873e   0x0000001e   Code   RO         6717    i.writeInt          mqttpacket.o
    0x0800875c   0x0800875c   0x00000034   Code   RO         6718    i.writeMQTTString   mqttpacket.o
    0x08008790   0x08008790   0x00000004   Data   RO          338    .constdata          lcd.o
    0x08008794   0x08008794   0x00001560   Data   RO          496    .constdata          font.o
    0x08009cf4   0x08009cf4   0x00000160   Data   RO          497    .constdata          font.o
    0x08009e54   0x08009e54   0x000002d0   Data   RO          498    .constdata          font.o
    0x0800a124   0x0800a124   0x00000400   Data   RO          499    .constdata          font.o
    0x0800a524   0x0800a524   0x000005b6   Data   RO          500    .constdata          font.o
    0x0800aada   0x0800aada   0x000002e4   Data   RO          501    .constdata          font.o
    0x0800adbe   0x0800adbe   0x00000050   Data   RO          503    .constdata          font.o
    0x0800ae0e   0x0800ae0e   0x00000002   PAD
    0x0800ae10   0x0800ae10   0x00000058   Data   RO          651    .constdata          esp12s.o
    0x0800ae68   0x0800ae68   0x00000010   Data   RO         5678    .constdata          system_stm32f0xx.o
    0x0800ae78   0x0800ae78   0x00000008   Data   RO         5679    .constdata          system_stm32f0xx.o
    0x0800ae80   0x0800ae80   0x00000040   Data   RO         7966    .constdata          mc_p.l(ctype_c.o)
    0x0800aec0   0x0800aec0   0x0000004d   Data   RO          652    .conststring        esp12s.o
    0x0800af0d   0x0800af0d   0x00000003   PAD
    0x0800af10   0x0800af10   0x00000020   Data   RO         7968    Region$$Table       anon$$obj.o


    Execution Region RW_IRAM1 (Exec base: 0x20000000, Load base: 0x0800af30, Size: 0x00001ca8, Max: 0x00004000, ABSOLUTE, COMPRESSED[0x000000e0])

    Exec Addr    Load Addr    Size         Type   Attr      Idx    E Section Name        Object

    0x20000000   COMPRESSED   0x00000006   Data   RW            4    .data               pms5003.o
    0x20000006   COMPRESSED   0x00000006   Data   RW          158    .data               dht12.o
    0x2000000c   COMPRESSED   0x00000002   Data   RW          339    .data               lcd.o
    0x2000000e   COMPRESSED   0x00000002   PAD
    0x20000010   COMPRESSED   0x0000000c   Data   RW          527    .data               key.o
    0x2000001c   COMPRESSED   0x00000006   Data   RW          571    .data               gui.o
    0x20000022   COMPRESSED   0x00000002   PAD
    0x20000024   COMPRESSED   0x0000003c   Data   RW          653    .data               esp12s.o
    0x20000060   COMPRESSED   0x00000001   Data   RW          657    .data               esp12s.o
    0x20000061   COMPRESSED   0x00000004   Data   RW          766    .data               usb_task.o
    0x20000065   COMPRESSED   0x00000001   PAD
    0x20000066   COMPRESSED   0x00000004   Data   RW          828    .data               main.o
    0x2000006a   COMPRESSED   0x00000006   Data   RW         1268    .data               rtc.o
    0x20000070   COMPRESSED   0x0000001c   Data   RW         1692    .data               usbd_desc.o
    0x2000008c   COMPRESSED   0x00000016   Data   RW         1693    .data               usbd_desc.o
    0x200000a2   COMPRESSED   0x00000002   PAD
    0x200000a4   COMPRESSED   0x00000008   Data   RW         1754    .data               usbd_cdc_if.o
    0x200000ac   COMPRESSED   0x00000010   Data   RW         1755    .data               usbd_cdc_if.o
    0x200000bc   COMPRESSED   0x00000004   Data   RW         4492    .data               stm32f0xx_hal.o
    0x200000c0   COMPRESSED   0x00000004   Data   RW         5680    .data               system_stm32f0xx.o
    0x200000c4   COMPRESSED   0x00000001   Data   RW         6351    .data               usbd_ctlreq.o
    0x200000c5   COMPRESSED   0x00000003   PAD
    0x200000c8   COMPRESSED   0x000000db   Data   RW         6475    .data               usbd_cdc.o
    0x200001a3   COMPRESSED   0x00000001   PAD
    0x200001a4   COMPRESSED   0x00000038   Data   RW         6476    .data               usbd_cdc.o
    0x200001dc   COMPRESSED   0x00000004   Data   RW         6719    .data               mqttpacket.o
    0x200001e0   COMPRESSED   0x00000014   Data   RW         7080    .data               cjson.o
    0x200001f4   COMPRESSED   0x00000004   Data   RW         7928    .data               mc_p.l(mvars.o)
    0x200001f8   COMPRESSED   0x00000004   Data   RW         7929    .data               mc_p.l(mvars.o)
    0x200001fc        -       0x0000023a   Zero   RW          650    .bss                esp12s.o
    0x20000436   COMPRESSED   0x00000002   PAD
    0x20000438        -       0x00000014   Zero   RW          765    .bss                usb_task.o
    0x2000044c        -       0x00000014   Zero   RW          827    .bss                main.o
    0x20000460        -       0x00000090   Zero   RW         1090    .bss                adc.o
    0x200004f0        -       0x00000034   Zero   RW         1267    .bss                rtc.o
    0x20000524        -       0x00000040   Zero   RW         1360    .bss                tim.o
    0x20000564        -       0x0000014c   Zero   RW         1405    .bss                usart.o
    0x200006b0        -       0x00000224   Zero   RW         1452    .bss                usb_device.o
    0x200008d4        -       0x00000440   Zero   RW         1512    .bss                usbd_conf.o
    0x20000d14        -       0x00000200   Zero   RW         1691    .bss                usbd_desc.o
    0x20000f14        -       0x00000190   Zero   RW         1753    .bss                usbd_cdc_if.o
    0x200010a4   COMPRESSED   0x00000004   PAD
    0x200010a8        -       0x00000600   Zero   RW         5668    HEAP                startup_stm32f072xb.o
    0x200016a8        -       0x00000600   Zero   RW         5667    STACK               startup_stm32f072xb.o


==============================================================================

Image component sizes


      Code (inc. data)   RO Data    RW Data    ZI Data      Debug   Object Name

       304         66          0          0        144       2399   adc.o
      2018        124          0         20          0      19907   cjson.o
       442         40          0          6          0       4225   dht12.o
        40          4          0          0          0        778   dma.o
      1536        376        165         61        570      13542   esp12s.o
         0          0       9850          0          0       1545   font.o
       264         22          0          0          0       1039   gpio.o
      1506        182          0          6          0       5140   gui.o
       232         20          0         12          0       2645   key.o
      2588         94          4          2          0      17364   lcd.o
       350         36          0          4         20      52992   main.o
       558         16          0          0          0       3112   mqttconnectclient.o
        74          0          0          0          0        866   mqttdeserializepublish.o
       458         20          0          4          0       8980   mqttpacket.o
       176          0          0          0          0       2386   mqttserializepublish.o
       120          8          0          6          0     519893   pms5003.o
       264         58          0          6         52       3126   rtc.o
        28          8        192          0       3072        608   startup_stm32f072xb.o
       122         18          0          4          0       3827   stm32f0xx_hal.o
      1114         52          0          0          0       7877   stm32f0xx_hal_adc.o
       178         28          0          0          0      10755   stm32f0xx_hal_cortex.o
       498         14          0          0          0       5018   stm32f0xx_hal_dma.o
       356         30          0          0          0       2344   stm32f0xx_hal_gpio.o
        68          4          0          0          0        906   stm32f0xx_hal_msp.o
      3268        146          0          0          0      14081   stm32f0xx_hal_pcd.o
        58          0          0          0          0       1298   stm32f0xx_hal_pcd_ex.o
        16          4          0          0          0        535   stm32f0xx_hal_pwr.o
      1504        102          0          0          0       5341   stm32f0xx_hal_rcc.o
       288         14          0          0          0       1564   stm32f0xx_hal_rcc_ex.o
       914         22          0          0          0       7448   stm32f0xx_hal_rtc.o
      1416        112          0          0          0      12520   stm32f0xx_hal_tim.o
        72          0          0          0          0       1332   stm32f0xx_hal_tim_ex.o
      1732         56          0          0          0      12090   stm32f0xx_hal_uart.o
         2          0          0          0          0       1040   stm32f0xx_hal_uart_ex.o
       104         24          0          0          0       4179   stm32f0xx_it.o
        92         16         24          4          0       1227   system_stm32f0xx.o
       258         26          0          0         64       2352   tim.o
        34          4          0          0          0       1789   transport.o
       472         90          0          0        332       3616   usart.o
        52         16          0          0        548        752   usb_device.o
       456         56          0          4         20       7444   usb_task.o
       654         20          0        275          0      13182   usbd_cdc.o
       156         28          0         24        400       3471   usbd_cdc_if.o
       786         58          0          0       1088      13482   usbd_conf.o
       652          0          0          0          0       9632   usbd_core.o
       994         34          0          1          0       8048   usbd_ctlreq.o
       212        116          0         50        512       5147   usbd_desc.o
       140          0          0          0          0       4532   usbd_ioreq.o
         0          0          0          0          0        392   user_diskio.o

    ----------------------------------------------------------------------
     27674       2164      10272        500       6828     827768   Object Totals
         0          0         32          0          0          0   (incl. Generated)
        48          0          5         11          6          0   (incl. Padding)

    ----------------------------------------------------------------------

      Code (inc. data)   RO Data    RW Data    ZI Data      Debug   Library Member Name

        60         10          0          0          0         84   __0sscanf.o
        86          0          0          0          0          0   __dczerorl2.o
       824         12          0          0          0         84   _scanf.o
        68          0          0          0          0         76   _sgetc.o
        36          4         64          0          0         60   ctype_c.o
         0          0          0          0          0          0   entry.o
         0          0          0          0          0          0   entry10a.o
         0          0          0          0          0          0   entry11a.o
         8          4          0          0          0          0   entry2.o
         4          0          0          0          0          0   entry5.o
         0          0          0          0          0          0   entry7b.o
         0          0          0          0          0          0   entry8b.o
         8          4          0          0          0          0   entry9a.o
        30          0          0          0          0          0   handlers.o
        40          0          0          0          0         72   idiv.o
        36          8          0          0          0         68   init.o
        14          0          0          0          0         68   isspace_c.o
         0          0          0          0          0          0   iusefp.o
       122          0          0          0          0         84   llmul.o
        32          0          0          0          0         68   llshl.o
        38          0          0          0          0         68   llsshr.o
        34          0          0          0          0         68   llushr.o
       368         36          0          0          0        308   mallocr.o
        36          0          0          0          0         60   memcpya.o
        36          0          0          0          0        100   memseta.o
         0          0          0          8          0          0   mvars.o
      2270         94          0          0          0        472   printfa.o
        44          8          0          0          0         84   scanf_char.o
       898         12          0          0          0        184   scanf_fp.o
        24          0          0          0          0         60   strcat.o
        18          0          0          0          0         60   strcpy.o
        14          0          0          0          0         60   strlen.o
        44          0          0          0          0         72   uidiv.o
        96          0          0          0          0         84   uldiv.o
        40          2          0          0          0         68   cdcmple.o
        40          2          0          0          0         68   cdrcmple.o
        56          0          0          0          0         68   d2f.o
       356          4          0          0          0        140   dadd.o
       240          6          0          0          0         84   ddiv.o
       236          0          0          0          0        216   depilogue.o
        72         10          0          0          0         72   dfixi.o
        64         10          0          0          0         68   dfixul.o
        40          6          0          0          0         68   dflti.o
        28          4          0          0          0         68   dfltui.o
        28          6          0          0          0         68   dfltul.o
       208          6          0          0          0         88   dmul.o
       130          0          0          0          0        144   fepilogue.o

    ----------------------------------------------------------------------
      6838        248         64          8          0       3564   Library Totals
        12          0          0          0          0          0   (incl. Padding)

    ----------------------------------------------------------------------

      Code (inc. data)   RO Data    RW Data    ZI Data      Debug   Library Name

      5288        192         64          8          0       2344   mc_p.l
      1538         56          0          0          0       1220   mf_p.l

    ----------------------------------------------------------------------
      6838        248         64          8          0       3564   Library Totals

    ----------------------------------------------------------------------

==============================================================================


      Code (inc. data)   RO Data    RW Data    ZI Data      Debug   

     34512       2412      10336        508       6828     816932   Grand Totals
     34512       2412      10336        224       6828     816932   ELF Image Totals (compressed)
     34512       2412      10336        224          0          0   ROM Totals

==============================================================================

    Total RO  Size (Code + RO Data)                44848 (  43.80kB)
    Total RW  Size (RW Data + ZI Data)              7336 (   7.16kB)
    Total ROM Size (Code + RO Data + RW Data)      45072 (  44.02kB)

==============================================================================

